../Core/Src/main.c:123:6:HAL_GPIO_EXTI_Callback	32	static
../Core/Src/main.c:168:6:HAL_TIM_PeriodElapsedCallback	64	static
../Core/Src/main.c:239:5:main	40	static
../Core/Src/main.c:350:6:SystemClock_Config	72	static
../Core/Src/main.c:389:13:MX_I2C1_Init	8	static
../Core/Src/main.c:423:13:MX_TIM1_Init	32	static
../Core/Src/main.c:469:13:MX_TIM3_Init	32	static
../Core/Src/main.c:514:13:MX_USART1_UART_Init	8	static
../Core/Src/main.c:547:13:MX_USART2_UART_Init	8	static
../Core/Src/main.c:580:13:MX_USART3_UART_Init	8	static
../Core/Src/main.c:613:13:MX_GPIO_Init	40	static
../Core/Src/main.c:661:6:Convert_Time_To_Mins	24	static
../Core/Src/main.c:674:6:Display_On_Oled	128	static
../Core/Src/main.c:696:6:Error_Handler	4	static,ignoring_inline_asm
