Archive member included to satisfy reference by file (symbol)

/opt/st/stm32cubeide_1.18.0_2/plugins/com.st.stm32cube.ide.mcu.externaltools.gnu-tools-for-stm32.13.3.rel1.linux64_1.0.0.202410170706/tools/bin/../lib/gcc/arm-none-eabi/13.3.1/../../../../arm-none-eabi/lib/thumb/v7-m/nofp/libc_nano.a(libc_a-exit.o)
                              /opt/st/stm32cubeide_1.18.0_2/plugins/com.st.stm32cube.ide.mcu.externaltools.gnu-tools-for-stm32.13.3.rel1.linux64_1.0.0.202410170706/tools/bin/../lib/gcc/arm-none-eabi/13.3.1/../../../../arm-none-eabi/lib/thumb/v7-m/nofp/crt0.o (exit)
/opt/st/stm32cubeide_1.18.0_2/plugins/com.st.stm32cube.ide.mcu.externaltools.gnu-tools-for-stm32.13.3.rel1.linux64_1.0.0.202410170706/tools/bin/../lib/gcc/arm-none-eabi/13.3.1/../../../../arm-none-eabi/lib/thumb/v7-m/nofp/libc_nano.a(libc_a-nano-vfprintf_float.o)
                              (_printf_float)
/opt/st/stm32cubeide_1.18.0_2/plugins/com.st.stm32cube.ide.mcu.externaltools.gnu-tools-for-stm32.13.3.rel1.linux64_1.0.0.202410170706/tools/bin/../lib/gcc/arm-none-eabi/13.3.1/../../../../arm-none-eabi/lib/thumb/v7-m/nofp/libc_nano.a(libc_a-nano-vfprintf_i.o)
                              /opt/st/stm32cubeide_1.18.0_2/plugins/com.st.stm32cube.ide.mcu.externaltools.gnu-tools-for-stm32.13.3.rel1.linux64_1.0.0.202410170706/tools/bin/../lib/gcc/arm-none-eabi/13.3.1/../../../../arm-none-eabi/lib/thumb/v7-m/nofp/libc_nano.a(libc_a-nano-vfprintf_float.o) (_printf_common)
/opt/st/stm32cubeide_1.18.0_2/plugins/com.st.stm32cube.ide.mcu.externaltools.gnu-tools-for-stm32.13.3.rel1.linux64_1.0.0.202410170706/tools/bin/../lib/gcc/arm-none-eabi/13.3.1/../../../../arm-none-eabi/lib/thumb/v7-m/nofp/libc_nano.a(libc_a-findfp.o)
                              /opt/st/stm32cubeide_1.18.0_2/plugins/com.st.stm32cube.ide.mcu.externaltools.gnu-tools-for-stm32.13.3.rel1.linux64_1.0.0.202410170706/tools/bin/../lib/gcc/arm-none-eabi/13.3.1/../../../../arm-none-eabi/lib/thumb/v7-m/nofp/libc_nano.a(libc_a-exit.o) (__stdio_exit_handler)
/opt/st/stm32cubeide_1.18.0_2/plugins/com.st.stm32cube.ide.mcu.externaltools.gnu-tools-for-stm32.13.3.rel1.linux64_1.0.0.202410170706/tools/bin/../lib/gcc/arm-none-eabi/13.3.1/../../../../arm-none-eabi/lib/thumb/v7-m/nofp/libc_nano.a(libc_a-fwalk.o)
                              /opt/st/stm32cubeide_1.18.0_2/plugins/com.st.stm32cube.ide.mcu.externaltools.gnu-tools-for-stm32.13.3.rel1.linux64_1.0.0.202410170706/tools/bin/../lib/gcc/arm-none-eabi/13.3.1/../../../../arm-none-eabi/lib/thumb/v7-m/nofp/libc_nano.a(libc_a-findfp.o) (_fwalk_sglue)
/opt/st/stm32cubeide_1.18.0_2/plugins/com.st.stm32cube.ide.mcu.externaltools.gnu-tools-for-stm32.13.3.rel1.linux64_1.0.0.202410170706/tools/bin/../lib/gcc/arm-none-eabi/13.3.1/../../../../arm-none-eabi/lib/thumb/v7-m/nofp/libc_nano.a(libc_a-sprintf.o)
                              ./Core/Src/main.o (sprintf)
/opt/st/stm32cubeide_1.18.0_2/plugins/com.st.stm32cube.ide.mcu.externaltools.gnu-tools-for-stm32.13.3.rel1.linux64_1.0.0.202410170706/tools/bin/../lib/gcc/arm-none-eabi/13.3.1/../../../../arm-none-eabi/lib/thumb/v7-m/nofp/libc_nano.a(libc_a-stdio.o)
                              /opt/st/stm32cubeide_1.18.0_2/plugins/com.st.stm32cube.ide.mcu.externaltools.gnu-tools-for-stm32.13.3.rel1.linux64_1.0.0.202410170706/tools/bin/../lib/gcc/arm-none-eabi/13.3.1/../../../../arm-none-eabi/lib/thumb/v7-m/nofp/libc_nano.a(libc_a-findfp.o) (__sread)
/opt/st/stm32cubeide_1.18.0_2/plugins/com.st.stm32cube.ide.mcu.externaltools.gnu-tools-for-stm32.13.3.rel1.linux64_1.0.0.202410170706/tools/bin/../lib/gcc/arm-none-eabi/13.3.1/../../../../arm-none-eabi/lib/thumb/v7-m/nofp/libc_nano.a(libc_a-memset.o)
                              /opt/st/stm32cubeide_1.18.0_2/plugins/com.st.stm32cube.ide.mcu.externaltools.gnu-tools-for-stm32.13.3.rel1.linux64_1.0.0.202410170706/tools/bin/../lib/gcc/arm-none-eabi/13.3.1/../../../../arm-none-eabi/lib/thumb/v7-m/nofp/crt0.o (memset)
/opt/st/stm32cubeide_1.18.0_2/plugins/com.st.stm32cube.ide.mcu.externaltools.gnu-tools-for-stm32.13.3.rel1.linux64_1.0.0.202410170706/tools/bin/../lib/gcc/arm-none-eabi/13.3.1/../../../../arm-none-eabi/lib/thumb/v7-m/nofp/libc_nano.a(libc_a-localeconv.o)
                              /opt/st/stm32cubeide_1.18.0_2/plugins/com.st.stm32cube.ide.mcu.externaltools.gnu-tools-for-stm32.13.3.rel1.linux64_1.0.0.202410170706/tools/bin/../lib/gcc/arm-none-eabi/13.3.1/../../../../arm-none-eabi/lib/thumb/v7-m/nofp/libc_nano.a(libc_a-nano-vfprintf_float.o) (_localeconv_r)
/opt/st/stm32cubeide_1.18.0_2/plugins/com.st.stm32cube.ide.mcu.externaltools.gnu-tools-for-stm32.13.3.rel1.linux64_1.0.0.202410170706/tools/bin/../lib/gcc/arm-none-eabi/13.3.1/../../../../arm-none-eabi/lib/thumb/v7-m/nofp/libc_nano.a(libc_a-closer.o)
[...]
Memory Configuration

Name             Origin             Length             Attributes
RAM              0x20000000         0x00005000         xrw
FLASH            0x08000000         0x00010000         xr
*default*        0x00000000         0xffffffff

Linker script and memory map

LOAD /opt/st/stm32cubeide_1.18.0_2/plugins/com.st.stm32cube.ide.mcu.externaltools.gnu-tools-for-stm32.13.3.rel1.linux64_1.0.0.202410170706/tools/bin/../lib/gcc/arm-none-eabi/13.3.1/thumb/v7-m/nofp/crti.o
LOAD /opt/st/stm32cubeide_1.18.0_2/plugins/com.st.stm32cube.ide.mcu.externaltools.gnu-tools-for-stm32.13.3.rel1.linux64_1.0.0.202410170706/tools/bin/../lib/gcc/arm-none-eabi/13.3.1/thumb/v7-m/nofp/crtbegin.o
LOAD /opt/st/stm32cubeide_1.18.0_2/plugins/com.st.stm32cube.ide.mcu.externaltools.gnu-tools-for-stm32.13.3.rel1.linux64_1.0.0.202410170706/tools/bin/../lib/gcc/arm-none-eabi/13.3.1/../../../../arm-none-eabi/lib/thumb/v7-m/nofp/crt0.o
LOAD ./Core/Src/DFPlayer.o
LOAD ./Core/Src/delay.o
LOAD ./Core/Src/ds1307_for_stm32_hal.o
LOAD ./Core/Src/fonts.o
LOAD ./Core/Src/main.o
LOAD ./Core/Src/sensirion_common.o
LOAD ./Core/Src/sensirion_i2c_hal.o
LOAD ./Core/Src/sht4x.o
LOAD ./Core/Src/sim.o
LOAD ./Core/Src/ssd1306.o
LOAD ./Core/Src/stm32f1xx_hal_msp.o
LOAD ./Core/Src/stm32f1xx_it.o
LOAD ./Core/Src/syscalls.o
LOAD ./Core/Src/sysmem.o
LOAD ./Core/Src/system_stm32f1xx.o
LOAD ./Core/Startup/startup_stm32f103c8tx.o
LOAD ./Drivers/STM32F1xx_HAL_Driver/Src/stm32f1xx_hal.o
LOAD ./Drivers/STM32F1xx_HAL_Driver/Src/stm32f1xx_hal_cortex.o
LOAD ./Drivers/STM32F1xx_HAL_Driver/Src/stm32f1xx_hal_dma.o
LOAD ./Drivers/STM32F1xx_HAL_Driver/Src/stm32f1xx_hal_exti.o
LOAD ./Drivers/STM32F1xx_HAL_Driver/Src/stm32f1xx_hal_flash.o
LOAD ./Drivers/STM32F1xx_HAL_Driver/Src/stm32f1xx_hal_flash_ex.o
LOAD ./Drivers/STM32F1xx_HAL_Driver/Src/stm32f1xx_hal_gpio.o
LOAD ./Drivers/STM32F1xx_HAL_Driver/Src/stm32f1xx_hal_gpio_ex.o
LOAD ./Drivers/STM32F1xx_HAL_Driver/Src/stm32f1xx_hal_i2c.o
LOAD ./Drivers/STM32F1xx_HAL_Driver/Src/stm32f1xx_hal_pwr.o
LOAD ./Drivers/STM32F1xx_HAL_Driver/Src/stm32f1xx_hal_rcc.o
LOAD ./Drivers/STM32F1xx_HAL_Driver/Src/stm32f1xx_hal_rcc_ex.o
LOAD ./Drivers/STM32F1xx_HAL_Driver/Src/stm32f1xx_hal_tim.o
LOAD ./Drivers/STM32F1xx_HAL_Driver/Src/stm32f1xx_hal_tim_ex.o
LOAD ./Drivers/STM32F1xx_HAL_Driver/Src/stm32f1xx_hal_uart.o
START GROUP
LOAD /opt/st/stm32cubeide_1.18.0_2/plugins/com.st.stm32cube.ide.mcu.externaltools.gnu-tools-for-stm32.13.3.rel1.linux64_1.0.0.202410170706/tools/bin/../lib/gcc/arm-none-eabi/13.3.1/../../../../arm-none-eabi/lib/thumb/v7-m/nofp/libc_nano.a
LOAD /opt/st/stm32cubeide_1.18.0_2/plugins/com.st.stm32cube.ide.mcu.externaltools.gnu-tools-for-stm32.13.3.rel1.linux64_1.0.0.202410170706/tools/bin/../lib/gcc/arm-none-eabi/13.3.1/../../../../arm-none-eabi/lib/thumb/v7-m/nofp/libm.a
END GROUP
START GROUP
LOAD /opt/st/stm32cubeide_1.18.0_2/plugins/com.st.stm32cube.ide.mcu.externaltools.gnu-tools-for-stm32.13.3.rel1.linux64_1.0.0.202410170706/tools/bin/../lib/gcc/arm-none-eabi/13.3.1/thumb/v7-m/nofp/libgcc.a
LOAD /opt/st/stm32cubeide_1.18.0_2/plugins/com.st.stm32cube.ide.mcu.externaltools.gnu-tools-for-stm32.13.3.rel1.linux64_1.0.0.202410170706/tools/bin/../lib/gcc/arm-none-eabi/13.3.1/../../../../arm-none-eabi/lib/thumb/v7-m/nofp/libc_nano.a
END GROUP
START GROUP
LOAD /opt/st/stm32cubeide_1.18.0_2/plugins/com.st.stm32cube.ide.mcu.externaltools.gnu-tools-for-stm32.13.3.rel1.linux64_1.0.0.202410170706/tools/bin/../lib/gcc/arm-none-eabi/13.3.1/thumb/v7-m/nofp/libgcc.a
LOAD /opt/st/stm32cubeide_1.18.0_2/plugins/com.st.stm32cube.ide.mcu.externaltools.gnu-tools-for-stm32.13.3.rel1.linux64_1.0.0.202410170706/tools/bin/../lib/gcc/arm-none-eabi/13.3.1/../../../../arm-none-eabi/lib/thumb/v7-m/nofp/libc_nano.a
LOAD /opt/st/stm32cubeide_1.18.0_2/plugins/com.st.stm32cube.ide.mcu.externaltools.gnu-tools-for-stm32.13.3.rel1.linux64_1.0.0.202410170706/tools/bin/../lib/gcc/arm-none-eabi/13.3.1/../../../../arm-none-eabi/lib/thumb/v7-m/nofp/libnosys.a
END GROUP
START GROUP
LOAD /opt/st/stm32cubeide_1.18.0_2/plugins/com.st.stm32cube.ide.mcu.externaltools.gnu-tools-for-stm32.13.3.rel1.linux64_1.0.0.202410170706/tools/bin/../lib/gcc/arm-none-eabi/13.3.1/thumb/v7-m/nofp/libgcc.a
LOAD /opt/st/stm32cubeide_1.18.0_2/plugins/com.st.stm32cube.ide.mcu.externaltools.gnu-tools-for-stm32.13.3.rel1.linux64_1.0.0.202410170706/tools/bin/../lib/gcc/arm-none-eabi/13.3.1/../../../../arm-none-eabi/lib/thumb/v7-m/nofp/libc_nano.a
LOAD /opt/st/stm32cubeide_1.18.0_2/plugins/com.st.stm32cube.ide.mcu.externaltools.gnu-tools-for-stm32.13.3.rel1.linux64_1.0.0.202410170706/tools/bin/../lib/gcc/arm-none-eabi/13.3.1/../../../../arm-none-eabi/lib/thumb/v7-m/nofp/libnosys.a
END GROUP
LOAD /opt/st/stm32cubeide_1.18.0_2/plugins/com.st.stm32cube.ide.mcu.externaltools.gnu-tools-for-stm32.13.3.rel1.linux64_1.0.0.202410170706/tools/bin/../lib/gcc/arm-none-eabi/13.3.1/thumb/v7-m/nofp/crtend.o
LOAD /opt/st/stm32cubeide_1.18.0_2/plugins/com.st.stm32cube.ide.mcu.externaltools.gnu-tools-for-stm32.13.3.rel1.linux64_1.0.0.202410170706/tools/bin/../lib/gcc/arm-none-eabi/13.3.1/thumb/v7-m/nofp/crtn.o
                0x20005000                        _estack = (ORIGIN (RAM) + LENGTH (RAM))
                0x00000200                        _Min_Heap_Size = 0x200
                0x00000400                        _Min_Stack_Size = 0x400

.isr_vector     0x08000000      0x10c
                0x08000000                        . = ALIGN (0x4)
 *(.isr_vector)
 .isr_vector    0x08000000      0x10c ./Core/Startup/startup_stm32f103c8tx.o
                0x08000000                g_pfnVectors
                0x0800010c                        . = ALIGN (0x4)

.text           0x08000110     0xa560
                0x08000110                        . = ALIGN (0x4)
 *(.text)
 .text          0x08000110       0x40 /opt/st/stm32cubeide_1.18.0_2/plugins/com.st.stm32cube.ide.mcu.externaltools.gnu-tools-for-stm32.13.3.rel1.linux64_1.0.0.202410170706/tools/bin/../lib/gcc/arm-none-eabi/13.3.1/thumb/v7-m/nofp/crtbegin.o
 .text          0x08000150       0x10 /opt/st/stm32cubeide_1.18.0_2/plugins/com.st.stm32cube.ide.mcu.externaltools.gnu-tools-for-stm32.13.3.rel1.linux64_1.0.0.202410170706/tools/bin/../lib/gcc/arm-none-eabi/13.3.1/../../../../arm-none-eabi/lib/thumb/v7-m/nofp/libc_nano.a(libc_a-strlen.o)
                0x08000150                strlen
 .text          0x08000160      0x378 /opt/st/stm32cubeide_1.18.0_2/plugins/com.st.stm32cube.ide.mcu.externaltools.gnu-tools-for-stm32.13.3.rel1.linux64_1.0.0.202410170706/tools/bin/../lib/gcc/arm-none-eabi/13.3.1/thumb/v7-m/nofp/libgcc.a(_arm_addsubdf3.o)
                0x08000160                __aeabi_drsub
                0x08000168                __aeabi_dsub
                0x08000168                __subdf3
                0x0800016c                __adddf3
                0x0800016c                __aeabi_dadd
                0x080003e4                __aeabi_ui2d
                0x080003e4                __floatunsidf
                0x08000404                __floatsidf
                0x08000404                __aeabi_i2d
                0x08000428                __extendsfdf2
                0x08000428                __aeabi_f2d
                0x0800046c                __aeabi_ul2d
                0x0800046c                __floatundidf
                0x0800047c                __floatdidf
                0x0800047c                __aeabi_l2d
 .text          0x080004d8      0x424 /opt/st/stm32cubeide_1.18.0_2/plugins/com.st.stm32cube.ide.mcu.externaltools.gnu-tools-for-stm32.13.3.rel1.linux64_1.0.0.202410170706/tools/bin/../lib/gcc/arm-none-eabi/13.3.1/thumb/v7-m/nofp/libgcc.a(_arm_muldivdf3.o)
                0x080004d8                __aeabi_dmul
                0x080004d8                __muldf3
                0x0800072c                __aeabi_ddiv
                0x0800072c                __divdf3
 .text          0x080008fc      0x110 /opt/st/stm32cubeide_1.18.0_2/plugins/com.st.stm32cube.ide.mcu.externaltools.gnu-tools-for-stm32.13.3.rel1.linux64_1.0.0.202410170706/tools/bin/../lib/gcc/arm-none-eabi/13.3.1/thumb/v7-m/nofp/libgcc.a(_arm_cmpdf2.o)
                0x080008fc                __gtdf2
                0x080008fc                __gedf2
                0x08000904                __ltdf2
                0x08000904                __ledf2
                0x0800090c                __cmpdf2
                0x0800090c                __eqdf2
                0x0800090c                __nedf2
                0x08000988                __aeabi_cdrcmple
                0x08000998                __aeabi_cdcmple
                0x08000998                __aeabi_cdcmpeq
                0x080009a8                __aeabi_dcmpeq
                0x080009bc                __aeabi_dcmplt
                0x080009d0                __aeabi_dcmple
                0x080009e4                __aeabi_dcmpge
                0x080009f8                __aeabi_dcmpgt
 .text          0x08000a0c       0x2c /opt/st/stm32cubeide_1.18.0_2/plugins/com.st.stm32cube.ide.mcu.externaltools.gnu-tools-for-stm32.13.3.rel1.linux64_1.0.0.202410170706/tools/bin/../lib/gcc/arm-none-eabi/13.3.1/thumb/v7-m/nofp/libgcc.a(_arm_unorddf2.o)
                0x08000a0c                __aeabi_dcmpun
                0x08000a0c                __unorddf2
 .text          0x08000a38       0x50 /opt/st/stm32cubeide_1.18.0_2/plugins/com.st.stm32cube.ide.mcu.externaltools.gnu-tools-for-stm32.13.3.rel1.linux64_1.0.0.202410170706/tools/bin/../lib/gcc/arm-none-eabi/13.3.1/thumb/v7-m/nofp/libgcc.a(_arm_fixdfsi.o)
                0x08000a38                __fixdfsi
                0x08000a38                __aeabi_d2iz
 .text          0x08000a88      0x21c /opt/st/stm32cubeide_1.18.0_2/plugins/com.st.stm32cube.ide.mcu.externaltools.gnu-tools-for-stm32.13.3.rel1.linux64_1.0.0.202410170706/tools/bin/../lib/gcc/arm-none-eabi/13.3.1/thumb/v7-m/nofp/libgcc.a(_arm_addsubsf3.o)
                0x08000a88                __aeabi_frsub
                0x08000a90                __subsf3
                0x08000a90                __aeabi_fsub
                0x08000a94                __aeabi_fadd
                0x08000a94                __addsf3
                0x08000bf4                __aeabi_ui2f
                0x08000bf4                __floatunsisf
                0x08000bfc                __aeabi_i2f
                0x08000bfc                __floatsisf
                0x08000c18                __floatundisf
                0x08000c18                __aeabi_ul2f
                0x08000c28                __floatdisf
                0x08000c28                __aeabi_l2f
 .text          0x08000ca4      0x2a0 /opt/st/stm32cubeide_1.18.0_2/plugins/com.st.stm32cube.ide.mcu.externaltools.gnu-tools-for-stm32.13.3.rel1.linux64_1.0.0.202410170706/tools/bin/../lib/gcc/arm-none-eabi/13.3.1/thumb/v7-m/nofp/libgcc.a(_arm_muldivsf3.o)
                0x08000ca4                __mulsf3
                0x08000ca4                __aeabi_fmul
                0x08000e0c                __divsf3
                0x08000e0c                __aeabi_fdiv
 *(.text*)
 .text.Send_cmd
                0x08000f44       0x82 ./Core/Src/DFPlayer.o
 .text.DF_Init  0x08000fc6       0x42 ./Core/Src/DFPlayer.o
                0x08000fc6                DF_Init
 .text.DF_Update
                0x08001008      0x1cc ./Core/Src/DFPlayer.o
                0x08001008                DF_Update
 .text.DF_PlayFromStart
                0x080011d4       0x20 ./Core/Src/DFPlayer.o
                0x080011d4                DF_PlayFromStart
 .text.DF_Pause
                0x080011f4       0x20 ./Core/Src/DFPlayer.o
                0x080011f4                DF_Pause
 .text.delay_init
                0x08001214       0x14 ./Core/Src/delay.o
                0x08001214                delay_init
 .text.get_tick_ms
                0x08001228       0x14 ./Core/Src/delay.o
                0x08001228                get_tick_ms
 .text.delay_ms_nonblocking
                0x0800123c       0x1c ./Core/Src/delay.o
                0x0800123c                delay_ms_nonblocking
 .text.is_delay_ms_complete
                0x08001258       0x28 ./Core/Src/delay.o
                0x08001258                is_delay_ms_complete
 .text.DS1307_Init
                0x08001280       0x20 ./Core/Src/ds1307_for_stm32_hal.o
                0x08001280                DS1307_Init
 .text.DS1307_SetClockHalt
                0x080012a0       0x42 ./Core/Src/ds1307_for_stm32_hal.o
                0x080012a0                DS1307_SetClockHalt
 .text.DS1307_GetClockHalt
                0x080012e2       0x1a ./Core/Src/ds1307_for_stm32_hal.o
                0x080012e2                DS1307_GetClockHalt
 .text.DS1307_SetRegByte
                0x080012fc       0x3c ./Core/Src/ds1307_for_stm32_hal.o
                0x080012fc                DS1307_SetRegByte
 .text.DS1307_GetRegByte
                0x08001338       0x44 ./Core/Src/ds1307_for_stm32_hal.o
                0x08001338                DS1307_GetRegByte
 .text.DS1307_GetDayOfWeek
                0x0800137c       0x18 ./Core/Src/ds1307_for_stm32_hal.o
                0x0800137c                DS1307_GetDayOfWeek
 .text.DS1307_GetDate
                0x08001394       0x18 ./Core/Src/ds1307_for_stm32_hal.o
                0x08001394                DS1307_GetDate
 .text.DS1307_GetMonth
                0x080013ac       0x18 ./Core/Src/ds1307_for_stm32_hal.o
                0x080013ac                DS1307_GetMonth
 .text.DS1307_GetYear
                0x080013c4       0x42 ./Core/Src/ds1307_for_stm32_hal.o
                0x080013c4                DS1307_GetYear
 .text.DS1307_GetHour
                0x08001406       0x1e ./Core/Src/ds1307_for_stm32_hal.o
                0x08001406                DS1307_GetHour
 .text.DS1307_GetMinute
                0x08001424       0x18 ./Core/Src/ds1307_for_stm32_hal.o
                0x08001424                DS1307_GetMinute
 .text.DS1307_GetSecond
                0x0800143c       0x1e ./Core/Src/ds1307_for_stm32_hal.o
                0x0800143c                DS1307_GetSecond
 .text.DS1307_GetTimeZoneHour
                0x0800145a       0x12 ./Core/Src/ds1307_for_stm32_hal.o
                0x0800145a                DS1307_GetTimeZoneHour
 .text.DS1307_GetTimeZoneMin
                0x0800146c       0x10 ./Core/Src/ds1307_for_stm32_hal.o
                0x0800146c                DS1307_GetTimeZoneMin
 .text.DS1307_GetTime
                0x0800147c       0x6c ./Core/Src/ds1307_for_stm32_hal.o
                0x0800147c                DS1307_GetTime
 .text.DS1307_SetDayOfWeek
                0x080014e8       0x24 ./Core/Src/ds1307_for_stm32_hal.o
                0x080014e8                DS1307_SetDayOfWeek
 .text.DS1307_SetDate
                0x0800150c       0x24 ./Core/Src/ds1307_for_stm32_hal.o
                0x0800150c                DS1307_SetDate
 .text.DS1307_SetMonth
                0x08001530       0x24 ./Core/Src/ds1307_for_stm32_hal.o
                0x08001530                DS1307_SetMonth
 .text.DS1307_SetYear
                0x08001554       0x54 ./Core/Src/ds1307_for_stm32_hal.o
                0x08001554                DS1307_SetYear
 .text.DS1307_SetHour
                0x080015a8       0x2a ./Core/Src/ds1307_for_stm32_hal.o
                0x080015a8                DS1307_SetHour
 .text.DS1307_SetMinute
                0x080015d2       0x24 ./Core/Src/ds1307_for_stm32_hal.o
                0x080015d2                DS1307_SetMinute
 .text.DS1307_SetSecond
                0x080015f6       0x32 ./Core/Src/ds1307_for_stm32_hal.o
                0x080015f6                DS1307_SetSecond
 .text.DS1307_SetTimeZone
                0x08001628       0x2c ./Core/Src/ds1307_for_stm32_hal.o
                0x08001628                DS1307_SetTimeZone
 .text.DS1307_DecodeBCD
                0x08001654       0x30 ./Core/Src/ds1307_for_stm32_hal.o
                0x08001654                DS1307_DecodeBCD
 .text.DS1307_EncodeBCD
                0x08001684       0x44 ./Core/Src/ds1307_for_stm32_hal.o
                0x08001684                DS1307_EncodeBCD
 .text.HAL_GPIO_EXTI_Callback
                0x080016c8      0x184 ./Core/Src/main.o
                0x080016c8                HAL_GPIO_EXTI_Callback
 .text.HAL_TIM_PeriodElapsedCallback
                0x0800184c      0x25c ./Core/Src/main.o
                0x0800184c                HAL_TIM_PeriodElapsedCallback
 .text.main     0x08001aa8      0x19c ./Core/Src/main.o
                0x08001aa8                main
 .text.SystemClock_Config
                0x08001c44       0x80 ./Core/Src/main.o
                0x08001c44                SystemClock_Config
 .text.MX_I2C1_Init
                0x08001cc4       0x5c ./Core/Src/main.o
 .text.MX_TIM1_Init
                0x08001d20       0xa0 ./Core/Src/main.o
 .text.MX_TIM3_Init
                0x08001dc0       0x9c ./Core/Src/main.o
 .text.MX_USART1_UART_Init
                0x08001e5c       0x54 ./Core/Src/main.o
 .text.MX_USART2_UART_Init
                0x08001eb0       0x54 ./Core/Src/main.o
 .text.MX_USART3_UART_Init
                0x08001f04       0x54 ./Core/Src/main.o
 .text.MX_GPIO_Init
                0x08001f58       0xf4 ./Core/Src/main.o
 .text.Convert_Time_To_Mins
                0x0800204c       0x86 ./Core/Src/main.o
                0x0800204c                Convert_Time_To_Mins
 *fill*         0x080020d2        0x2 
 .text.Display_On_Oled
                0x080020d4       0xdc ./Core/Src/main.o
                0x080020d4                Display_On_Oled
 .text.Error_Handler
                0x080021b0        0xc ./Core/Src/main.o
                0x080021b0                Error_Handler
 .text.sensirion_i2c_write
                0x080021bc       0x38 ./Core/Src/sensirion_i2c_hal.o
                0x080021bc                sensirion_i2c_write
 .text.sensirion_i2c_read
                0x080021f4       0x38 ./Core/Src/sensirion_i2c_hal.o
                0x080021f4                sensirion_i2c_read
 .text.sensirion_i2c_init
                0x0800222c        0xc ./Core/Src/sensirion_i2c_hal.o
                0x0800222c                sensirion_i2c_init
 .text.sht4x_init
                0x08002238        0xe ./Core/Src/sht4x.o
                0x08002238                sht4x_init
 *fill*         0x08002246        0x2 
 .text.sht4x_measure_blocking_read
                0x08002248       0xc0 ./Core/Src/sht4x.o
                0x08002248                sht4x_measure_blocking_read
 .text.SIM_SendString
                0x08002308       0x28 ./Core/Src/sim.o
                0x08002308                SIM_SendString
 .text.SIM_SendCtrlZ
                0x08002330       0x24 ./Core/Src/sim.o
                0x08002330                SIM_SendCtrlZ
 .text.SIM_SendSMS_Init
                0x08002354       0x3c ./Core/Src/sim.o
                0x08002354                SIM_SendSMS_Init
 .text.SIM_SendSMS_Update
                0x08002390      0x1e4 ./Core/Src/sim.o
                0x08002390                SIM_SendSMS_Update
 .text.SSD1306_Init
                0x08002574      0x188 ./Core/Src/ssd1306.o
                0x08002574                SSD1306_Init
 .text.SSD1306_UpdateScreen
                0x080026fc       0x5c ./Core/Src/ssd1306.o
                0x080026fc                SSD1306_UpdateScreen
 .text.SSD1306_Fill
                0x08002758       0x30 ./Core/Src/ssd1306.o
                0x08002758                SSD1306_Fill
 .text.SSD1306_DrawPixel
                0x08002788       0xbc ./Core/Src/ssd1306.o
                0x08002788                SSD1306_DrawPixel
 .text.SSD1306_GotoXY
                0x08002844       0x2c ./Core/Src/ssd1306.o
                0x08002844                SSD1306_GotoXY
 .text.SSD1306_Putc
                0x08002870       0xfc ./Core/Src/ssd1306.o
                0x08002870                SSD1306_Putc
 .text.SSD1306_Puts
                0x0800296c       0x4a ./Core/Src/ssd1306.o
                0x0800296c                SSD1306_Puts
 *fill*         0x080029b6        0x2 
 .text.ssd1306_I2C_Init
                0x080029b8       0x28 ./Core/Src/ssd1306.o
                0x080029b8                ssd1306_I2C_Init
 .text.ssd1306_I2C_WriteMulti
                0x080029e0       0xcc ./Core/Src/ssd1306.o
                0x080029e0                ssd1306_I2C_WriteMulti
 .text.ssd1306_I2C_Write
                0x08002aac       0x3c ./Core/Src/ssd1306.o
                0x08002aac                ssd1306_I2C_Write
 .text.HAL_MspInit
                0x08002ae8       0x64 ./Core/Src/stm32f1xx_hal_msp.o
                0x08002ae8                HAL_MspInit
 .text.HAL_I2C_MspInit
                0x08002b4c       0x9c ./Core/Src/stm32f1xx_hal_msp.o
                0x08002b4c                HAL_I2C_MspInit
 .text.HAL_TIM_Base_MspInit
                0x08002be8       0x84 ./Core/Src/stm32f1xx_hal_msp.o
                0x08002be8                HAL_TIM_Base_MspInit
 .text.HAL_UART_MspInit
                0x08002c6c      0x180 ./Core/Src/stm32f1xx_hal_msp.o
                0x08002c6c                HAL_UART_MspInit
 .text.NMI_Handler
                0x08002dec        0x8 ./Core/Src/stm32f1xx_it.o
                0x08002dec                NMI_Handler
 .text.HardFault_Handler
                0x08002df4        0x8 ./Core/Src/stm32f1xx_it.o
                0x08002df4                HardFault_Handler
 .text.MemManage_Handler
                0x08002dfc        0x8 ./Core/Src/stm32f1xx_it.o
                0x08002dfc                MemManage_Handler
 .text.BusFault_Handler
                0x08002e04        0x8 ./Core/Src/stm32f1xx_it.o
                0x08002e04                BusFault_Handler
 .text.UsageFault_Handler
                0x08002e0c        0x8 ./Core/Src/stm32f1xx_it.o
                0x08002e0c                UsageFault_Handler
 .text.SVC_Handler
                0x08002e14        0xc ./Core/Src/stm32f1xx_it.o
                0x08002e14                SVC_Handler
 .text.DebugMon_Handler
                0x08002e20        0xc ./Core/Src/stm32f1xx_it.o
                0x08002e20                DebugMon_Handler
 .text.PendSV_Handler
                0x08002e2c        0xc ./Core/Src/stm32f1xx_it.o
                0x08002e2c                PendSV_Handler
 .text.SysTick_Handler
                0x08002e38        0xc ./Core/Src/stm32f1xx_it.o
                0x08002e38                SysTick_Handler
 .text.TIM1_UP_IRQHandler
                0x08002e44       0x14 ./Core/Src/stm32f1xx_it.o
                0x08002e44                TIM1_UP_IRQHandler
 .text.TIM3_IRQHandler
                0x08002e58       0x14 ./Core/Src/stm32f1xx_it.o
                0x08002e58                TIM3_IRQHandler
 .text.I2C1_EV_IRQHandler
                0x08002e6c       0x14 ./Core/Src/stm32f1xx_it.o
                0x08002e6c                I2C1_EV_IRQHandler
 .text.I2C1_ER_IRQHandler
                0x08002e80       0x14 ./Core/Src/stm32f1xx_it.o
                0x08002e80                I2C1_ER_IRQHandler
 .text.EXTI15_10_IRQHandler
                0x08002e94       0x10 ./Core/Src/stm32f1xx_it.o
                0x08002e94                EXTI15_10_IRQHandler
 .text._getpid  0x08002ea4        0xe ./Core/Src/syscalls.o
                0x08002ea4                _getpid
 .text._kill    0x08002eb2       0x20 ./Core/Src/syscalls.o
                0x08002eb2                _kill
 .text._exit    0x08002ed2       0x16 ./Core/Src/syscalls.o
                0x08002ed2                _exit
 .text._read    0x08002ee8       0x3a ./Core/Src/syscalls.o
                0x08002ee8                _read
 .text._write   0x08002f22       0x38 ./Core/Src/syscalls.o
                0x08002f22                _write
 .text._close   0x08002f5a       0x16 ./Core/Src/syscalls.o
                0x08002f5a                _close
 .text._fstat   0x08002f70       0x1e ./Core/Src/syscalls.o
                0x08002f70                _fstat
 .text._isatty  0x08002f8e       0x14 ./Core/Src/syscalls.o
                0x08002f8e                _isatty
 .text._lseek   0x08002fa2       0x18 ./Core/Src/syscalls.o
                0x08002fa2                _lseek
 *fill*         0x08002fba        0x2 
 .text._sbrk    0x08002fbc       0x6c ./Core/Src/sysmem.o
                0x08002fbc                _sbrk
 .text.SystemInit
                0x08003028        0xc ./Core/Src/system_stm32f1xx.o
                0x08003028                SystemInit
 .text.Reset_Handler
                0x08003034       0x48 ./Core/Startup/startup_stm32f103c8tx.o
                0x08003034                Reset_Handler
 .text.Default_Handler
                0x0800307c        0x2 ./Core/Startup/startup_stm32f103c8tx.o
                0x0800307c                RTC_Alarm_IRQHandler
                0x0800307c                EXTI2_IRQHandler
                0x0800307c                TIM1_CC_IRQHandler
                0x0800307c                PVD_IRQHandler
                0x0800307c                EXTI3_IRQHandler
                0x0800307c                EXTI0_IRQHandler
                0x0800307c                I2C2_EV_IRQHandler
                0x0800307c                ADC1_2_IRQHandler
                0x0800307c                SPI1_IRQHandler
                0x0800307c                TAMPER_IRQHandler
                0x0800307c                DMA1_Channel4_IRQHandler
                0x0800307c                USART3_IRQHandler
                0x0800307c                RTC_IRQHandler
                0x0800307c                DMA1_Channel7_IRQHandler
                0x0800307c                CAN1_RX1_IRQHandler
                0x0800307c                TIM4_IRQHandler
                0x0800307c                DMA1_Channel6_IRQHandler
                0x0800307c                RCC_IRQHandler
                0x0800307c                TIM1_TRG_COM_IRQHandler
                0x0800307c                DMA1_Channel1_IRQHandler
                0x0800307c                Default_Handler
                0x0800307c                EXTI9_5_IRQHandler
                0x0800307c                SPI2_IRQHandler
                0x0800307c                DMA1_Channel5_IRQHandler
                0x0800307c                EXTI4_IRQHandler
                0x0800307c                USB_LP_CAN1_RX0_IRQHandler
                0x0800307c                USB_HP_CAN1_TX_IRQHandler
                0x0800307c                DMA1_Channel3_IRQHandler
                0x0800307c                WWDG_IRQHandler
                0x0800307c                TIM2_IRQHandler
                0x0800307c                TIM1_BRK_IRQHandler
                0x0800307c                EXTI1_IRQHandler
                0x0800307c                USART2_IRQHandler
                0x0800307c                I2C2_ER_IRQHandler
                0x0800307c                DMA1_Channel2_IRQHandler
                0x0800307c                CAN1_SCE_IRQHandler
                0x0800307c                FLASH_IRQHandler
                0x0800307c                USART1_IRQHandler
                0x0800307c                USBWakeUp_IRQHandler
 *fill*         0x0800307e        0x2 
 .text.HAL_Init
                0x08003080       0x2c ./Drivers/STM32F1xx_HAL_Driver/Src/stm32f1xx_hal.o
                0x08003080                HAL_Init
 .text.HAL_InitTick
                0x080030ac       0x60 ./Drivers/STM32F1xx_HAL_Driver/Src/stm32f1xx_hal.o
                0x080030ac                HAL_InitTick
 .text.HAL_IncTick
                0x0800310c       0x24 ./Drivers/STM32F1xx_HAL_Driver/Src/stm32f1xx_hal.o
                0x0800310c                HAL_IncTick
 .text.HAL_GetTick
                0x08003130       0x14 ./Drivers/STM32F1xx_HAL_Driver/Src/stm32f1xx_hal.o
                0x08003130                HAL_GetTick
 .text.HAL_Delay
                0x08003144       0x48 ./Drivers/STM32F1xx_HAL_Driver/Src/stm32f1xx_hal.o
                0x08003144                HAL_Delay
 .text.__NVIC_SetPriorityGrouping
                0x0800318c       0x48 ./Drivers/STM32F1xx_HAL_Driver/Src/stm32f1xx_hal_cortex.o
 .text.__NVIC_GetPriorityGrouping
                0x080031d4       0x1c ./Drivers/STM32F1xx_HAL_Driver/Src/stm32f1xx_hal_cortex.o
 .text.__NVIC_EnableIRQ
                0x080031f0       0x38 ./Drivers/STM32F1xx_HAL_Driver/Src/stm32f1xx_hal_cortex.o
 .text.__NVIC_SetPriority
                0x08003228       0x54 ./Drivers/STM32F1xx_HAL_Driver/Src/stm32f1xx_hal_cortex.o
 .text.NVIC_EncodePriority
                0x0800327c       0x64 ./Drivers/STM32F1xx_HAL_Driver/Src/stm32f1xx_hal_cortex.o
 .text.SysTick_Config
                0x080032e0       0x44 ./Drivers/STM32F1xx_HAL_Driver/Src/stm32f1xx_hal_cortex.o
 .text.HAL_NVIC_SetPriorityGrouping
                0x08003324       0x16 ./Drivers/STM32F1xx_HAL_Driver/Src/stm32f1xx_hal_cortex.o
                0x08003324                HAL_NVIC_SetPriorityGrouping
 .text.HAL_NVIC_SetPriority
                0x0800333a       0x38 ./Drivers/STM32F1xx_HAL_Driver/Src/stm32f1xx_hal_cortex.o
                0x0800333a                HAL_NVIC_SetPriority
 .text.HAL_NVIC_EnableIRQ
                0x08003372       0x1c ./Drivers/STM32F1xx_HAL_Driver/Src/stm32f1xx_hal_cortex.o
                0x08003372                HAL_NVIC_EnableIRQ
 .text.HAL_SYSTICK_Config
                0x0800338e       0x18 ./Drivers/STM32F1xx_HAL_Driver/Src/stm32f1xx_hal_cortex.o
                0x0800338e                HAL_SYSTICK_Config
 *fill*         0x080033a6        0x2 
 .text.HAL_DMA_Abort_IT
                0x080033a8       0xf0 ./Drivers/STM32F1xx_HAL_Driver/Src/stm32f1xx_hal_dma.o
                0x080033a8                HAL_DMA_Abort_IT
 .text.HAL_DMA_GetState
                0x08003498       0x1a ./Drivers/STM32F1xx_HAL_Driver/Src/stm32f1xx_hal_dma.o
                0x08003498                HAL_DMA_GetState
 *fill*         0x080034b2        0x2 
 .text.HAL_GPIO_Init
                0x080034b4      0x308 ./Drivers/STM32F1xx_HAL_Driver/Src/stm32f1xx_hal_gpio.o
                0x080034b4                HAL_GPIO_Init
 .text.HAL_GPIO_ReadPin
                0x080037bc       0x2e ./Drivers/STM32F1xx_HAL_Driver/Src/stm32f1xx_hal_gpio.o
                0x080037bc                HAL_GPIO_ReadPin
 .text.HAL_GPIO_WritePin
                0x080037ea       0x30 ./Drivers/STM32F1xx_HAL_Driver/Src/stm32f1xx_hal_gpio.o
                0x080037ea                HAL_GPIO_WritePin
 .text.HAL_GPIO_TogglePin
                0x0800381a       0x32 ./Drivers/STM32F1xx_HAL_Driver/Src/stm32f1xx_hal_gpio.o
                0x0800381a                HAL_GPIO_TogglePin
 .text.HAL_GPIO_EXTI_IRQHandler
                0x0800384c       0x30 ./Drivers/STM32F1xx_HAL_Driver/Src/stm32f1xx_hal_gpio.o
                0x0800384c                HAL_GPIO_EXTI_IRQHandler
 .text.HAL_I2C_Init
                0x0800387c      0x288 ./Drivers/STM32F1xx_HAL_Driver/Src/stm32f1xx_hal_i2c.o
                0x0800387c                HAL_I2C_Init
 .text.I2C_Flush_DR
                0x08003b04       0x28 ./Drivers/STM32F1xx_HAL_Driver/Src/stm32f1xx_hal_i2c.o
 .text.HAL_I2C_Master_Transmit
                0x08003b2c      0x1fc ./Drivers/STM32F1xx_HAL_Driver/Src/stm32f1xx_hal_i2c.o
                0x08003b2c                HAL_I2C_Master_Transmit
 .text.HAL_I2C_Master_Receive
                0x08003d28      0x4d8 ./Drivers/STM32F1xx_HAL_Driver/Src/stm32f1xx_hal_i2c.o
                0x08003d28                HAL_I2C_Master_Receive
 .text.HAL_I2C_IsDeviceReady
                0x08004200      0x25c ./Drivers/STM32F1xx_HAL_Driver/Src/stm32f1xx_hal_i2c.o
                0x08004200                HAL_I2C_IsDeviceReady
 .text.HAL_I2C_EV_IRQHandler
                0x0800445c      0x2e2 ./Drivers/STM32F1xx_HAL_Driver/Src/stm32f1xx_hal_i2c.o
                0x0800445c                HAL_I2C_EV_IRQHandler
 .text.HAL_I2C_ER_IRQHandler
                0x0800473e      0x15e ./Drivers/STM32F1xx_HAL_Driver/Src/stm32f1xx_hal_i2c.o
                0x0800473e                HAL_I2C_ER_IRQHandler
 .text.HAL_I2C_MasterTxCpltCallback
                0x0800489c       0x12 ./Drivers/STM32F1xx_HAL_Driver/Src/stm32f1xx_hal_i2c.o
                0x0800489c                HAL_I2C_MasterTxCpltCallback
 .text.HAL_I2C_MasterRxCpltCallback
                0x080048ae       0x12 ./Drivers/STM32F1xx_HAL_Driver/Src/stm32f1xx_hal_i2c.o
                0x080048ae                HAL_I2C_MasterRxCpltCallback
 .text.HAL_I2C_SlaveTxCpltCallback
                0x080048c0       0x12 ./Drivers/STM32F1xx_HAL_Driver/Src/stm32f1xx_hal_i2c.o
                0x080048c0                HAL_I2C_SlaveTxCpltCallback
 .text.HAL_I2C_SlaveRxCpltCallback
                0x080048d2       0x12 ./Drivers/STM32F1xx_HAL_Driver/Src/stm32f1xx_hal_i2c.o
                0x080048d2                HAL_I2C_SlaveRxCpltCallback
 .text.HAL_I2C_AddrCallback
                0x080048e4       0x1a ./Drivers/STM32F1xx_HAL_Driver/Src/stm32f1xx_hal_i2c.o
                0x080048e4                HAL_I2C_AddrCallback
 .text.HAL_I2C_ListenCpltCallback
                0x080048fe       0x12 ./Drivers/STM32F1xx_HAL_Driver/Src/stm32f1xx_hal_i2c.o
                0x080048fe                HAL_I2C_ListenCpltCallback
 .text.HAL_I2C_MemTxCpltCallback
                0x08004910       0x12 ./Drivers/STM32F1xx_HAL_Driver/Src/stm32f1xx_hal_i2c.o
                0x08004910                HAL_I2C_MemTxCpltCallback
 .text.HAL_I2C_MemRxCpltCallback
                0x08004922       0x12 ./Drivers/STM32F1xx_HAL_Driver/Src/stm32f1xx_hal_i2c.o
                0x08004922                HAL_I2C_MemRxCpltCallback
 .text.HAL_I2C_ErrorCallback
                0x08004934       0x12 ./Drivers/STM32F1xx_HAL_Driver/Src/stm32f1xx_hal_i2c.o
                0x08004934                HAL_I2C_ErrorCallback
 .text.HAL_I2C_AbortCpltCallback
                0x08004946       0x12 ./Drivers/STM32F1xx_HAL_Driver/Src/stm32f1xx_hal_i2c.o
                0x08004946                HAL_I2C_AbortCpltCallback
 .text.I2C_MasterTransmit_TXE
                0x08004958      0x138 ./Drivers/STM32F1xx_HAL_Driver/Src/stm32f1xx_hal_i2c.o
 .text.I2C_MasterTransmit_BTF
                0x08004a90       0xec ./Drivers/STM32F1xx_HAL_Driver/Src/stm32f1xx_hal_i2c.o
 .text.I2C_MemoryTransmit_TXE_BTF
                0x08004b7c      0x130 ./Drivers/STM32F1xx_HAL_Driver/Src/stm32f1xx_hal_i2c.o
 .text.I2C_MasterReceive_RXNE
                0x08004cac      0x190 ./Drivers/STM32F1xx_HAL_Driver/Src/stm32f1xx_hal_i2c.o
 .text.I2C_MasterReceive_BTF
                0x08004e3c      0x1e2 ./Drivers/STM32F1xx_HAL_Driver/Src/stm32f1xx_hal_i2c.o
 .text.I2C_Master_SB
                0x0800501e      0x10a ./Drivers/STM32F1xx_HAL_Driver/Src/stm32f1xx_hal_i2c.o
 .text.I2C_Master_ADD10
                0x08005128       0x52 ./Drivers/STM32F1xx_HAL_Driver/Src/stm32f1xx_hal_i2c.o
 .text.I2C_Master_ADDR
                0x0800517a      0x336 ./Drivers/STM32F1xx_HAL_Driver/Src/stm32f1xx_hal_i2c.o
 .text.I2C_SlaveTransmit_TXE
                0x080054b0       0x7a ./Drivers/STM32F1xx_HAL_Driver/Src/stm32f1xx_hal_i2c.o
 .text.I2C_SlaveTransmit_BTF
                0x0800552a       0x40 ./Drivers/STM32F1xx_HAL_Driver/Src/stm32f1xx_hal_i2c.o
 .text.I2C_SlaveReceive_RXNE
                0x0800556a       0x7c ./Drivers/STM32F1xx_HAL_Driver/Src/stm32f1xx_hal_i2c.o
 .text.I2C_SlaveReceive_BTF
                0x080055e6       0x42 ./Drivers/STM32F1xx_HAL_Driver/Src/stm32f1xx_hal_i2c.o
 .text.I2C_Slave_ADDR
                0x08005628       0x94 ./Drivers/STM32F1xx_HAL_Driver/Src/stm32f1xx_hal_i2c.o
 .text.I2C_Slave_STOPF
                0x080056bc      0x260 ./Drivers/STM32F1xx_HAL_Driver/Src/stm32f1xx_hal_i2c.o
 .text.I2C_Slave_AF
                0x0800591c       0xe8 ./Drivers/STM32F1xx_HAL_Driver/Src/stm32f1xx_hal_i2c.o
 .text.I2C_ITError
                0x08005a04      0x264 ./Drivers/STM32F1xx_HAL_Driver/Src/stm32f1xx_hal_i2c.o
 .text.I2C_MasterRequestWrite
                0x08005c68      0x104 ./Drivers/STM32F1xx_HAL_Driver/Src/stm32f1xx_hal_i2c.o
 .text.I2C_MasterRequestRead
                0x08005d6c      0x19c ./Drivers/STM32F1xx_HAL_Driver/Src/stm32f1xx_hal_i2c.o
 .text.I2C_DMAAbort
                0x08005f08      0x150 ./Drivers/STM32F1xx_HAL_Driver/Src/stm32f1xx_hal_i2c.o
 .text.I2C_WaitOnFlagUntilTimeout
                0x08006058       0xf4 ./Drivers/STM32F1xx_HAL_Driver/Src/stm32f1xx_hal_i2c.o
 .text.I2C_WaitOnMasterAddressFlagUntilTimeout
                0x0800614c      0x140 ./Drivers/STM32F1xx_HAL_Driver/Src/stm32f1xx_hal_i2c.o
 .text.I2C_WaitOnTXEFlagUntilTimeout
                0x0800628c       0x90 ./Drivers/STM32F1xx_HAL_Driver/Src/stm32f1xx_hal_i2c.o
 .text.I2C_WaitOnBTFFlagUntilTimeout
                0x0800631c       0x90 ./Drivers/STM32F1xx_HAL_Driver/Src/stm32f1xx_hal_i2c.o
 .text.I2C_WaitOnSTOPRequestThroughIT
                0x080063ac       0x64 ./Drivers/STM32F1xx_HAL_Driver/Src/stm32f1xx_hal_i2c.o
 .text.I2C_WaitOnRXNEFlagUntilTimeout
                0x08006410       0xba ./Drivers/STM32F1xx_HAL_Driver/Src/stm32f1xx_hal_i2c.o
 .text.I2C_IsAcknowledgeFailed
                0x080064ca       0x5c ./Drivers/STM32F1xx_HAL_Driver/Src/stm32f1xx_hal_i2c.o
 .text.I2C_ConvertOtherXferOptions
                0x08006526       0x34 ./Drivers/STM32F1xx_HAL_Driver/Src/stm32f1xx_hal_i2c.o
 *fill*         0x0800655a        0x2 
 .text.HAL_RCC_OscConfig
                0x0800655c      0x504 ./Drivers/STM32F1xx_HAL_Driver/Src/stm32f1xx_hal_rcc.o
                0x0800655c                HAL_RCC_OscConfig
 .text.HAL_RCC_ClockConfig
                0x08006a60      0x1d4 ./Drivers/STM32F1xx_HAL_Driver/Src/stm32f1xx_hal_rcc.o
                0x08006a60                HAL_RCC_ClockConfig
 .text.HAL_RCC_GetSysClockFreq
                0x08006c34       0xa8 ./Drivers/STM32F1xx_HAL_Driver/Src/stm32f1xx_hal_rcc.o
                0x08006c34                HAL_RCC_GetSysClockFreq
 .text.HAL_RCC_GetHCLKFreq
                0x08006cdc       0x14 ./Drivers/STM32F1xx_HAL_Driver/Src/stm32f1xx_hal_rcc.o
                0x08006cdc                HAL_RCC_GetHCLKFreq
 .text.HAL_RCC_GetPCLK1Freq
                0x08006cf0       0x28 ./Drivers/STM32F1xx_HAL_Driver/Src/stm32f1xx_hal_rcc.o
                0x08006cf0                HAL_RCC_GetPCLK1Freq
 .text.HAL_RCC_GetPCLK2Freq
                0x08006d18       0x28 ./Drivers/STM32F1xx_HAL_Driver/Src/stm32f1xx_hal_rcc.o
                0x08006d18                HAL_RCC_GetPCLK2Freq
 .text.RCC_Delay
                0x08006d40       0x3c ./Drivers/STM32F1xx_HAL_Driver/Src/stm32f1xx_hal_rcc.o
 .text.HAL_TIM_Base_Init
                0x08006d7c       0x9e ./Drivers/STM32F1xx_HAL_Driver/Src/stm32f1xx_hal_tim.o
                0x08006d7c                HAL_TIM_Base_Init
 *fill*         0x08006e1a        0x2 
 .text.HAL_TIM_Base_Start_IT
                0x08006e1c       0xa4 ./Drivers/STM32F1xx_HAL_Driver/Src/stm32f1xx_hal_tim.o
                0x08006e1c                HAL_TIM_Base_Start_IT
 .text.HAL_TIM_IRQHandler
                0x08006ec0      0x1e0 ./Drivers/STM32F1xx_HAL_Driver/Src/stm32f1xx_hal_tim.o
                0x08006ec0                HAL_TIM_IRQHandler
 .text.HAL_TIM_ConfigClockSource
                0x080070a0      0x18e ./Drivers/STM32F1xx_HAL_Driver/Src/stm32f1xx_hal_tim.o
                0x080070a0                HAL_TIM_ConfigClockSource
 .text.HAL_TIM_OC_DelayElapsedCallback
                0x0800722e       0x12 ./Drivers/STM32F1xx_HAL_Driver/Src/stm32f1xx_hal_tim.o
                0x0800722e                HAL_TIM_OC_DelayElapsedCallback
 .text.HAL_TIM_IC_CaptureCallback
                0x08007240       0x12 ./Drivers/STM32F1xx_HAL_Driver/Src/stm32f1xx_hal_tim.o
                0x08007240                HAL_TIM_IC_CaptureCallback
 .text.HAL_TIM_PWM_PulseFinishedCallback
                0x08007252       0x12 ./Drivers/STM32F1xx_HAL_Driver/Src/stm32f1xx_hal_tim.o
                0x08007252                HAL_TIM_PWM_PulseFinishedCallback
 .text.HAL_TIM_TriggerCallback
                0x08007264       0x12 ./Drivers/STM32F1xx_HAL_Driver/Src/stm32f1xx_hal_tim.o
                0x08007264                HAL_TIM_TriggerCallback
 *fill*         0x08007276        0x2 
 .text.TIM_Base_SetConfig
                0x08007278       0xdc ./Drivers/STM32F1xx_HAL_Driver/Src/stm32f1xx_hal_tim.o
                0x08007278                TIM_Base_SetConfig
 .text.TIM_TI1_ConfigInputStage
                0x08007354       0x5c ./Drivers/STM32F1xx_HAL_Driver/Src/stm32f1xx_hal_tim.o
 .text.TIM_TI2_ConfigInputStage
                0x080073b0       0x5e ./Drivers/STM32F1xx_HAL_Driver/Src/stm32f1xx_hal_tim.o
 .text.TIM_ITRx_SetConfig
                0x0800740e       0x34 ./Drivers/STM32F1xx_HAL_Driver/Src/stm32f1xx_hal_tim.o
 .text.TIM_ETR_SetConfig
                0x08007442       0x3e ./Drivers/STM32F1xx_HAL_Driver/Src/stm32f1xx_hal_tim.o
                0x08007442                TIM_ETR_SetConfig
 .text.HAL_TIMEx_MasterConfigSynchronization
                0x08007480       0xbc ./Drivers/STM32F1xx_HAL_Driver/Src/stm32f1xx_hal_tim_ex.o
                0x08007480                HAL_TIMEx_MasterConfigSynchronization
 .text.HAL_TIMEx_CommutCallback
                0x0800753c       0x12 ./Drivers/STM32F1xx_HAL_Driver/Src/stm32f1xx_hal_tim_ex.o
                0x0800753c                HAL_TIMEx_CommutCallback
 .text.HAL_TIMEx_BreakCallback
                0x0800754e       0x12 ./Drivers/STM32F1xx_HAL_Driver/Src/stm32f1xx_hal_tim_ex.o
                0x0800754e                HAL_TIMEx_BreakCallback
 .text.HAL_UART_Init
                0x08007560       0xa0 ./Drivers/STM32F1xx_HAL_Driver/Src/stm32f1xx_hal_uart.o
                0x08007560                HAL_UART_Init
 .text.HAL_UART_Transmit
                0x08007600      0x116 ./Drivers/STM32F1xx_HAL_Driver/Src/stm32f1xx_hal_uart.o
                0x08007600                HAL_UART_Transmit
 .text.UART_WaitOnFlagUntilTimeout
                0x08007716       0xb2 ./Drivers/STM32F1xx_HAL_Driver/Src/stm32f1xx_hal_uart.o
 .text.UART_EndRxTransfer
                0x080077c8       0xc4 ./Drivers/STM32F1xx_HAL_Driver/Src/stm32f1xx_hal_uart.o
 .text.UART_SetConfig
                0x0800788c      0x11c ./Drivers/STM32F1xx_HAL_Driver/Src/stm32f1xx_hal_uart.o
 .text.__cvt    0x080079a8       0xc8 /opt/st/stm32cubeide_1.18.0_2/plugins/com.st.stm32cube.ide.mcu.externaltools.gnu-tools-for-stm32.13.3.rel1.linux64_1.0.0.202410170706/tools/bin/../lib/gcc/arm-none-eabi/13.3.1/../../../../arm-none-eabi/lib/thumb/v7-m/nofp/libc_nano.a(libc_a-nano-vfprintf_float.o)
                0x080079a8                __cvt
 .text.__exponent
                0x08007a70       0x74 /opt/st/stm32cubeide_1.18.0_2/plugins/com.st.stm32cube.ide.mcu.externaltools.gnu-tools-for-stm32.13.3.rel1.linux64_1.0.0.202410170706/tools/bin/../lib/gcc/arm-none-eabi/13.3.1/../../../../arm-none-eabi/lib/thumb/v7-m/nofp/libc_nano.a(libc_a-nano-vfprintf_float.o)
                0x08007a70                __exponent
 .text._printf_float
                0x08007ae4      0x458 /opt/st/stm32cubeide_1.18.0_2/plugins/com.st.stm32cube.ide.mcu.externaltools.gnu-tools-for-stm32.13.3.rel1.linux64_1.0.0.202410170706/tools/bin/../lib/gcc/arm-none-eabi/13.3.1/../../../../arm-none-eabi/lib/thumb/v7-m/nofp/libc_nano.a(libc_a-nano-vfprintf_float.o)
                0x08007ae4                _printf_float
 .text._printf_common
                0x08007f3c       0xe4 /opt/st/stm32cubeide_1.18.0_2/plugins/com.st.stm32cube.ide.mcu.externaltools.gnu-tools-for-stm32.13.3.rel1.linux64_1.0.0.202410170706/tools/bin/../lib/gcc/arm-none-eabi/13.3.1/../../../../arm-none-eabi/lib/thumb/v7-m/nofp/libc_nano.a(libc_a-nano-vfprintf_i.o)
                0x08007f3c                _printf_common
 .text._printf_i
                0x08008020      0x23c /opt/st/stm32cubeide_1.18.0_2/plugins/com.st.stm32cube.ide.mcu.externaltools.gnu-tools-for-stm32.13.3.rel1.linux64_1.0.0.202410170706/tools/bin/../lib/gcc/arm-none-eabi/13.3.1/../../../../arm-none-eabi/lib/thumb/v7-m/nofp/libc_nano.a(libc_a-nano-vfprintf_i.o)
                0x08008020                _printf_i
 .text.std      0x0800825c       0x6c /opt/st/stm32cubeide_1.18.0_2/plugins/com.st.stm32cube.ide.mcu.externaltools.gnu-tools-for-stm32.13.3.rel1.linux64_1.0.0.202410170706/tools/bin/../lib/gcc/arm-none-eabi/13.3.1/../../../../arm-none-eabi/lib/thumb/v7-m/nofp/libc_nano.a(libc_a-findfp.o)
 .text.stdio_exit_handler
                0x080082c8       0x18 /opt/st/stm32cubeide_1.18.0_2/plugins/com.st.stm32cube.ide.mcu.externaltools.gnu-tools-for-stm32.13.3.rel1.linux64_1.0.0.202410170706/tools/bin/../lib/gcc/arm-none-eabi/13.3.1/../../../../arm-none-eabi/lib/thumb/v7-m/nofp/libc_nano.a(libc_a-findfp.o)
 .text.cleanup_stdio
                0x080082e0       0x40 /opt/st/stm32cubeide_1.18.0_2/plugins/com.st.stm32cube.ide.mcu.externaltools.gnu-tools-for-stm32.13.3.rel1.linux64_1.0.0.202410170706/tools/bin/../lib/gcc/arm-none-eabi/13.3.1/../../../../arm-none-eabi/lib/thumb/v7-m/nofp/libc_nano.a(libc_a-findfp.o)
 .text.global_stdio_init.part.0
                0x08008320       0x3c /opt/st/stm32cubeide_1.18.0_2/plugins/com.st.stm32cube.ide.mcu.externaltools.gnu-tools-for-stm32.13.3.rel1.linux64_1.0.0.202410170706/tools/bin/../lib/gcc/arm-none-eabi/13.3.1/../../../../arm-none-eabi/lib/thumb/v7-m/nofp/libc_nano.a(libc_a-findfp.o)
 .text.__sfp_lock_acquire
                0x0800835c        0xc /opt/st/stm32cubeide_1.18.0_2/plugins/com.st.stm32cube.ide.mcu.externaltools.gnu-tools-for-stm32.13.3.rel1.linux64_1.0.0.202410170706/tools/bin/../lib/gcc/arm-none-eabi/13.3.1/../../../../arm-none-eabi/lib/thumb/v7-m/nofp/libc_nano.a(libc_a-findfp.o)
                0x0800835c                __sfp_lock_acquire
 .text.__sfp_lock_release
                0x08008368        0xc /opt/st/stm32cubeide_1.18.0_2/plugins/com.st.stm32cube.ide.mcu.externaltools.gnu-tools-for-stm32.13.3.rel1.linux64_1.0.0.202410170706/tools/bin/../lib/gcc/arm-none-eabi/13.3.1/../../../../arm-none-eabi/lib/thumb/v7-m/nofp/libc_nano.a(libc_a-findfp.o)
                0x08008368                __sfp_lock_release
 .text.__sinit  0x08008374       0x30 /opt/st/stm32cubeide_1.18.0_2/plugins/com.st.stm32cube.ide.mcu.externaltools.gnu-tools-for-stm32.13.3.rel1.linux64_1.0.0.202410170706/tools/bin/../lib/gcc/arm-none-eabi/13.3.1/../../../../arm-none-eabi/lib/thumb/v7-m/nofp/libc_nano.a(libc_a-findfp.o)
                0x08008374                __sinit
 .text._fwalk_sglue
                0x080083a4       0x3c /opt/st/stm32cubeide_1.18.0_2/plugins/com.st.stm32cube.ide.mcu.externaltools.gnu-tools-for-stm32.13.3.rel1.linux64_1.0.0.202410170706/tools/bin/../lib/gcc/arm-none-eabi/13.3.1/../../../../arm-none-eabi/lib/thumb/v7-m/nofp/libc_nano.a(libc_a-fwalk.o)
                0x080083a4                _fwalk_sglue
 .text.sprintf  0x080083e0       0x44 /opt/st/stm32cubeide_1.18.0_2/plugins/com.st.stm32cube.ide.mcu.externaltools.gnu-tools-for-stm32.13.3.rel1.linux64_1.0.0.202410170706/tools/bin/../lib/gcc/arm-none-eabi/13.3.1/../../../../arm-none-eabi/lib/thumb/v7-m/nofp/libc_nano.a(libc_a-sprintf.o)
                0x080083e0                sprintf
                0x080083e0                siprintf
 .text.__sread  0x08008424       0x22 /opt/st/stm32cubeide_1.18.0_2/plugins/com.st.stm32cube.ide.mcu.externaltools.gnu-tools-for-stm32.13.3.rel1.linux64_1.0.0.202410170706/tools/bin/../lib/gcc/arm-none-eabi/13.3.1/../../../../arm-none-eabi/lib/thumb/v7-m/nofp/libc_nano.a(libc_a-stdio.o)
                0x08008424                __sread
 .text.__swrite
                0x08008446       0x38 /opt/st/stm32cubeide_1.18.0_2/plugins/com.st.stm32cube.ide.mcu.externaltools.gnu-tools-for-stm32.13.3.rel1.linux64_1.0.0.202410170706/tools/bin/../lib/gcc/arm-none-eabi/13.3.1/../../../../arm-none-eabi/lib/thumb/v7-m/nofp/libc_nano.a(libc_a-stdio.o)
                0x08008446                __swrite
 .text.__sseek  0x0800847e       0x24 /opt/st/stm32cubeide_1.18.0_2/plugins/com.st.stm32cube.ide.mcu.externaltools.gnu-tools-for-stm32.13.3.rel1.linux64_1.0.0.202410170706/tools/bin/../lib/gcc/arm-none-eabi/13.3.1/../../../../arm-none-eabi/lib/thumb/v7-m/nofp/libc_nano.a(libc_a-stdio.o)
                0x0800847e                __sseek
 .text.__sclose
                0x080084a2        0x8 /opt/st/stm32cubeide_1.18.0_2/plugins/com.st.stm32cube.ide.mcu.externaltools.gnu-tools-for-stm32.13.3.rel1.linux64_1.0.0.202410170706/tools/bin/../lib/gcc/arm-none-eabi/13.3.1/../../../../arm-none-eabi/lib/thumb/v7-m/nofp/libc_nano.a(libc_a-stdio.o)
                0x080084a2                __sclose
 .text.memset   0x080084aa       0x10 /opt/st/stm32cubeide_1.18.0_2/plugins/com.st.stm32cube.ide.mcu.externaltools.gnu-tools-for-stm32.13.3.rel1.linux64_1.0.0.202410170706/tools/bin/../lib/gcc/arm-none-eabi/13.3.1/../../../../arm-none-eabi/lib/thumb/v7-m/nofp/libc_nano.a(libc_a-memset.o)
                0x080084aa                memset
 *fill*         0x080084ba        0x2 
 .text._localeconv_r
                0x080084bc        0x8 /opt/st/stm32cubeide_1.18.0_2/plugins/com.st.stm32cube.ide.mcu.externaltools.gnu-tools-for-stm32.13.3.rel1.linux64_1.0.0.202410170706/tools/bin/../lib/gcc/arm-none-eabi/13.3.1/../../../../arm-none-eabi/lib/thumb/v7-m/nofp/libc_nano.a(libc_a-localeconv.o)
                0x080084bc                _localeconv_r
 .text._close_r
                0x080084c4       0x20 /opt/st/stm32cubeide_1.18.0_2/plugins/com.st.stm32cube.ide.mcu.externaltools.gnu-tools-for-stm32.13.3.rel1.linux64_1.0.0.202410170706/tools/bin/../lib/gcc/arm-none-eabi/13.3.1/../../../../arm-none-eabi/lib/thumb/v7-m/nofp/libc_nano.a(libc_a-closer.o)
                0x080084c4                _close_r
 .text._lseek_r
                0x080084e4       0x24 /opt/st/stm32cubeide_1.18.0_2/plugins/com.st.stm32cube.ide.mcu.externaltools.gnu-tools-for-stm32.13.3.rel1.linux64_1.0.0.202410170706/tools/bin/../lib/gcc/arm-none-eabi/13.3.1/../../../../arm-none-eabi/lib/thumb/v7-m/nofp/libc_nano.a(libc_a-lseekr.o)
                0x080084e4                _lseek_r
 .text._read_r  0x08008508       0x24 /opt/st/stm32cubeide_1.18.0_2/plugins/com.st.stm32cube.ide.mcu.externaltools.gnu-tools-for-stm32.13.3.rel1.linux64_1.0.0.202410170706/tools/bin/../lib/gcc/arm-none-eabi/13.3.1/../../../../arm-none-eabi/lib/thumb/v7-m/nofp/libc_nano.a(libc_a-readr.o)
                0x08008508                _read_r
 .text._write_r
                0x0800852c       0x24 /opt/st/stm32cubeide_1.18.0_2/plugins/com.st.stm32cube.ide.mcu.externaltools.gnu-tools-for-stm32.13.3.rel1.linux64_1.0.0.202410170706/tools/bin/../lib/gcc/arm-none-eabi/13.3.1/../../../../arm-none-eabi/lib/thumb/v7-m/nofp/libc_nano.a(libc_a-writer.o)
                0x0800852c                _write_r
 .text.__errno  0x08008550        0xc /opt/st/stm32cubeide_1.18.0_2/plugins/com.st.stm32cube.ide.mcu.externaltools.gnu-tools-for-stm32.13.3.rel1.linux64_1.0.0.202410170706/tools/bin/../lib/gcc/arm-none-eabi/13.3.1/../../../../arm-none-eabi/lib/thumb/v7-m/nofp/libc_nano.a(libc_a-errno.o)
                0x08008550                __errno
 .text.__libc_init_array
                0x0800855c       0x48 /opt/st/stm32cubeide_1.18.0_2/plugins/com.st.stm32cube.ide.mcu.externaltools.gnu-tools-for-stm32.13.3.rel1.linux64_1.0.0.202410170706/tools/bin/../lib/gcc/arm-none-eabi/13.3.1/../../../../arm-none-eabi/lib/thumb/v7-m/nofp/libc_nano.a(libc_a-init.o)
                0x0800855c                __libc_init_array
 .text.__retarget_lock_init_recursive
                0x080085a4        0x2 /opt/st/stm32cubeide_1.18.0_2/plugins/com.st.stm32cube.ide.mcu.externaltools.gnu-tools-for-stm32.13.3.rel1.linux64_1.0.0.202410170706/tools/bin/../lib/gcc/arm-none-eabi/13.3.1/../../../../arm-none-eabi/lib/thumb/v7-m/nofp/libc_nano.a(libc_a-lock.o)
                0x080085a4                __retarget_lock_init_recursive
 .text.__retarget_lock_acquire_recursive
                0x080085a6        0x2 /opt/st/stm32cubeide_1.18.0_2/plugins/com.st.stm32cube.ide.mcu.externaltools.gnu-tools-for-stm32.13.3.rel1.linux64_1.0.0.202410170706/tools/bin/../lib/gcc/arm-none-eabi/13.3.1/../../../../arm-none-eabi/lib/thumb/v7-m/nofp/libc_nano.a(libc_a-lock.o)
                0x080085a6                __retarget_lock_acquire_recursive
 .text.__retarget_lock_release_recursive
                0x080085a8        0x2 /opt/st/stm32cubeide_1.18.0_2/plugins/com.st.stm32cube.ide.mcu.externaltools.gnu-tools-for-stm32.13.3.rel1.linux64_1.0.0.202410170706/tools/bin/../lib/gcc/arm-none-eabi/13.3.1/../../../../arm-none-eabi/lib/thumb/v7-m/nofp/libc_nano.a(libc_a-lock.o)
                0x080085a8                __retarget_lock_release_recursive
 .text.memchr   0x080085aa       0x1c /opt/st/stm32cubeide_1.18.0_2/plugins/com.st.stm32cube.ide.mcu.externaltools.gnu-tools-for-stm32.13.3.rel1.linux64_1.0.0.202410170706/tools/bin/../lib/gcc/arm-none-eabi/13.3.1/../../../../arm-none-eabi/lib/thumb/v7-m/nofp/libc_nano.a(libc_a-memchr-stub.o)
                0x080085aa                memchr
 .text.quorem   0x080085c6      0x110 /opt/st/stm32cubeide_1.18.0_2/plugins/com.st.stm32cube.ide.mcu.externaltools.gnu-tools-for-stm32.13.3.rel1.linux64_1.0.0.202410170706/tools/bin/../lib/gcc/arm-none-eabi/13.3.1/../../../../arm-none-eabi/lib/thumb/v7-m/nofp/libc_nano.a(libc_a-dtoa.o)
 *fill*         0x080086d6        0x2 
 .text._dtoa_r  0x080086d8      0xba8 /opt/st/stm32cubeide_1.18.0_2/plugins/com.st.stm32cube.ide.mcu.externaltools.gnu-tools-for-stm32.13.3.rel1.linux64_1.0.0.202410170706/tools/bin/../lib/gcc/arm-none-eabi/13.3.1/../../../../arm-none-eabi/lib/thumb/v7-m/nofp/libc_nano.a(libc_a-dtoa.o)
                0x080086d8                _dtoa_r
 .text._free_r  0x08009280       0x90 /opt/st/stm32cubeide_1.18.0_2/plugins/com.st.stm32cube.ide.mcu.externaltools.gnu-tools-for-stm32.13.3.rel1.linux64_1.0.0.202410170706/tools/bin/../lib/gcc/arm-none-eabi/13.3.1/../../../../arm-none-eabi/lib/thumb/v7-m/nofp/libc_nano.a(libc_a-freer.o)
                0x08009280                _free_r
 .text.malloc   0x08009310       0x10 /opt/st/stm32cubeide_1.18.0_2/plugins/com.st.stm32cube.ide.mcu.externaltools.gnu-tools-for-stm32.13.3.rel1.linux64_1.0.0.202410170706/tools/bin/../lib/gcc/arm-none-eabi/13.3.1/../../../../arm-none-eabi/lib/thumb/v7-m/nofp/libc_nano.a(libc_a-malloc.o)
                0x08009310                malloc
 .text.sbrk_aligned
                0x08009320       0x44 /opt/st/stm32cubeide_1.18.0_2/plugins/com.st.stm32cube.ide.mcu.externaltools.gnu-tools-for-stm32.13.3.rel1.linux64_1.0.0.202410170706/tools/bin/../lib/gcc/arm-none-eabi/13.3.1/../../../../arm-none-eabi/lib/thumb/v7-m/nofp/libc_nano.a(libc_a-mallocr.o)
 .text._malloc_r
                0x08009364      0x100 /opt/st/stm32cubeide_1.18.0_2/plugins/com.st.stm32cube.ide.mcu.externaltools.gnu-tools-for-stm32.13.3.rel1.linux64_1.0.0.202410170706/tools/bin/../lib/gcc/arm-none-eabi/13.3.1/../../../../arm-none-eabi/lib/thumb/v7-m/nofp/libc_nano.a(libc_a-mallocr.o)
                0x08009364                _malloc_r
 .text.__malloc_lock
                0x08009464        0xc /opt/st/stm32cubeide_1.18.0_2/plugins/com.st.stm32cube.ide.mcu.externaltools.gnu-tools-for-stm32.13.3.rel1.linux64_1.0.0.202410170706/tools/bin/../lib/gcc/arm-none-eabi/13.3.1/../../../../arm-none-eabi/lib/thumb/v7-m/nofp/libc_nano.a(libc_a-mlock.o)
                0x08009464                __malloc_lock
 .text.__malloc_unlock
                0x08009470        0xc /opt/st/stm32cubeide_1.18.0_2/plugins/com.st.stm32cube.ide.mcu.externaltools.gnu-tools-for-stm32.13.3.rel1.linux64_1.0.0.202410170706/tools/bin/../lib/gcc/arm-none-eabi/13.3.1/../../../../arm-none-eabi/lib/thumb/v7-m/nofp/libc_nano.a(libc_a-mlock.o)
                0x08009470                __malloc_unlock
 .text._Balloc  0x0800947c       0x80 /opt/st/stm32cubeide_1.18.0_2/plugins/com.st.stm32cube.ide.mcu.externaltools.gnu-tools-for-stm32.13.3.rel1.linux64_1.0.0.202410170706/tools/bin/../lib/gcc/arm-none-eabi/13.3.1/../../../../arm-none-eabi/lib/thumb/v7-m/nofp/libc_nano.a(libc_a-mprec.o)
                0x0800947c                _Balloc
 .text._Bfree   0x080094fc       0x44 /opt/st/stm32cubeide_1.18.0_2/plugins/com.st.stm32cube.ide.mcu.externaltools.gnu-tools-for-stm32.13.3.rel1.linux64_1.0.0.202410170706/tools/bin/../lib/gcc/arm-none-eabi/13.3.1/../../../../arm-none-eabi/lib/thumb/v7-m/nofp/libc_nano.a(libc_a-mprec.o)
                0x080094fc                _Bfree
 .text.__multadd
                0x08009540       0x8c /opt/st/stm32cubeide_1.18.0_2/plugins/com.st.stm32cube.ide.mcu.externaltools.gnu-tools-for-stm32.13.3.rel1.linux64_1.0.0.202410170706/tools/bin/../lib/gcc/arm-none-eabi/13.3.1/../../../../arm-none-eabi/lib/thumb/v7-m/nofp/libc_nano.a(libc_a-mprec.o)
                0x08009540                __multadd
 .text.__hi0bits
                0x080095cc       0x3e /opt/st/stm32cubeide_1.18.0_2/plugins/com.st.stm32cube.ide.mcu.externaltools.gnu-tools-for-stm32.13.3.rel1.linux64_1.0.0.202410170706/tools/bin/../lib/gcc/arm-none-eabi/13.3.1/../../../../arm-none-eabi/lib/thumb/v7-m/nofp/libc_nano.a(libc_a-mprec.o)
                0x080095cc                __hi0bits
 .text.__lo0bits
                0x0800960a       0x5a /opt/st/stm32cubeide_1.18.0_2/plugins/com.st.stm32cube.ide.mcu.externaltools.gnu-tools-for-stm32.13.3.rel1.linux64_1.0.0.202410170706/tools/bin/../lib/gcc/arm-none-eabi/13.3.1/../../../../arm-none-eabi/lib/thumb/v7-m/nofp/libc_nano.a(libc_a-mprec.o)
                0x0800960a                __lo0bits
 .text.__i2b    0x08009664       0x2c /opt/st/stm32cubeide_1.18.0_2/plugins/com.st.stm32cube.ide.mcu.externaltools.gnu-tools-for-stm32.13.3.rel1.linux64_1.0.0.202410170706/tools/bin/../lib/gcc/arm-none-eabi/13.3.1/../../../../arm-none-eabi/lib/thumb/v7-m/nofp/libc_nano.a(libc_a-mprec.o)
                0x08009664                __i2b
 .text.__multiply
                0x08009690      0x144 /opt/st/stm32cubeide_1.18.0_2/plugins/com.st.stm32cube.ide.mcu.externaltools.gnu-tools-for-stm32.13.3.rel1.linux64_1.0.0.202410170706/tools/bin/../lib/gcc/arm-none-eabi/13.3.1/../../../../arm-none-eabi/lib/thumb/v7-m/nofp/libc_nano.a(libc_a-mprec.o)
                0x08009690                __multiply
 .text.__pow5mult
                0x080097d4       0xb4 /opt/st/stm32cubeide_1.18.0_2/plugins/com.st.stm32cube.ide.mcu.externaltools.gnu-tools-for-stm32.13.3.rel1.linux64_1.0.0.202410170706/tools/bin/../lib/gcc/arm-none-eabi/13.3.1/../../../../arm-none-eabi/lib/thumb/v7-m/nofp/libc_nano.a(libc_a-mprec.o)
                0x080097d4                __pow5mult
 .text.__lshift
                0x08009888       0xd8 /opt/st/stm32cubeide_1.18.0_2/plugins/com.st.stm32cube.ide.mcu.externaltools.gnu-tools-for-stm32.13.3.rel1.linux64_1.0.0.202410170706/tools/bin/../lib/gcc/arm-none-eabi/13.3.1/../../../../arm-none-eabi/lib/thumb/v7-m/nofp/libc_nano.a(libc_a-mprec.o)
                0x08009888                __lshift
 .text.__mcmp   0x08009960       0x36 /opt/st/stm32cubeide_1.18.0_2/plugins/com.st.stm32cube.ide.mcu.externaltools.gnu-tools-for-stm32.13.3.rel1.linux64_1.0.0.202410170706/tools/bin/../lib/gcc/arm-none-eabi/13.3.1/../../../../arm-none-eabi/lib/thumb/v7-m/nofp/libc_nano.a(libc_a-mprec.o)
                0x08009960                __mcmp
 *fill*         0x08009996        0x2 
 .text.__mdiff  0x08009998      0x128 /opt/st/stm32cubeide_1.18.0_2/plugins/com.st.stm32cube.ide.mcu.externaltools.gnu-tools-for-stm32.13.3.rel1.linux64_1.0.0.202410170706/tools/bin/../lib/gcc/arm-none-eabi/13.3.1/../../../../arm-none-eabi/lib/thumb/v7-m/nofp/libc_nano.a(libc_a-mprec.o)
                0x08009998                __mdiff
 .text.__d2b    0x08009ac0       0xb0 /opt/st/stm32cubeide_1.18.0_2/plugins/com.st.stm32cube.ide.mcu.externaltools.gnu-tools-for-stm32.13.3.rel1.linux64_1.0.0.202410170706/tools/bin/../lib/gcc/arm-none-eabi/13.3.1/../../../../arm-none-eabi/lib/thumb/v7-m/nofp/libc_nano.a(libc_a-mprec.o)
                0x08009ac0                __d2b
 .text.__ssputs_r
                0x08009b70       0xb6 /opt/st/stm32cubeide_1.18.0_2/plugins/com.st.stm32cube.ide.mcu.externaltools.gnu-tools-for-stm32.13.3.rel1.linux64_1.0.0.202410170706/tools/bin/../lib/gcc/arm-none-eabi/13.3.1/../../../../arm-none-eabi/lib/thumb/v7-m/nofp/libc_nano.a(libc_a-nano-svfprintf.o)
                0x08009b70                __ssputs_r
 *fill*         0x08009c26        0x2 
 .text._svfprintf_r
                0x08009c28      0x1f8 /opt/st/stm32cubeide_1.18.0_2/plugins/com.st.stm32cube.ide.mcu.externaltools.gnu-tools-for-stm32.13.3.rel1.linux64_1.0.0.202410170706/tools/bin/../lib/gcc/arm-none-eabi/13.3.1/../../../../arm-none-eabi/lib/thumb/v7-m/nofp/libc_nano.a(libc_a-nano-svfprintf.o)
                0x08009c28                _svfprintf_r
                0x08009c28                _svfiprintf_r
 .text.__sflush_r
                0x08009e20      0x100 /opt/st/stm32cubeide_1.18.0_2/plugins/com.st.stm32cube.ide.mcu.externaltools.gnu-tools-for-stm32.13.3.rel1.linux64_1.0.0.202410170706/tools/bin/../lib/gcc/arm-none-eabi/13.3.1/../../../../arm-none-eabi/lib/thumb/v7-m/nofp/libc_nano.a(libc_a-fflush.o)
                0x08009e20                __sflush_r
 .text._fflush_r
                0x08009f20       0x50 /opt/st/stm32cubeide_1.18.0_2/plugins/com.st.stm32cube.ide.mcu.externaltools.gnu-tools-for-stm32.13.3.rel1.linux64_1.0.0.202410170706/tools/bin/../lib/gcc/arm-none-eabi/13.3.1/../../../../arm-none-eabi/lib/thumb/v7-m/nofp/libc_nano.a(libc_a-fflush.o)
                0x08009f20                _fflush_r
 .text.memmove  0x08009f70       0x34 /opt/st/stm32cubeide_1.18.0_2/plugins/com.st.stm32cube.ide.mcu.externaltools.gnu-tools-for-stm32.13.3.rel1.linux64_1.0.0.202410170706/tools/bin/../lib/gcc/arm-none-eabi/13.3.1/../../../../arm-none-eabi/lib/thumb/v7-m/nofp/libc_nano.a(libc_a-memmove.o)
                0x08009f70                memmove
 .text._sbrk_r  0x08009fa4       0x20 /opt/st/stm32cubeide_1.18.0_2/plugins/com.st.stm32cube.ide.mcu.externaltools.gnu-tools-for-stm32.13.3.rel1.linux64_1.0.0.202410170706/tools/bin/../lib/gcc/arm-none-eabi/13.3.1/../../../../arm-none-eabi/lib/thumb/v7-m/nofp/libc_nano.a(libc_a-sbrkr.o)
                0x08009fa4                _sbrk_r
 .text.memcpy   0x08009fc4       0x1c /opt/st/stm32cubeide_1.18.0_2/plugins/com.st.stm32cube.ide.mcu.externaltools.gnu-tools-for-stm32.13.3.rel1.linux64_1.0.0.202410170706/tools/bin/../lib/gcc/arm-none-eabi/13.3.1/../../../../arm-none-eabi/lib/thumb/v7-m/nofp/libc_nano.a(libc_a-memcpy-stub.o)
                0x08009fc4                memcpy
 .text.__assert_func
                0x08009fe0       0x3c /opt/st/stm32cubeide_1.18.0_2/plugins/com.st.stm32cube.ide.mcu.externaltools.gnu-tools-for-stm32.13.3.rel1.linux64_1.0.0.202410170706/tools/bin/../lib/gcc/arm-none-eabi/13.3.1/../../../../arm-none-eabi/lib/thumb/v7-m/nofp/libc_nano.a(libc_a-assert.o)
                0x08009fe0                __assert_func
 .text._calloc_r
                0x0800a01c       0x28 /opt/st/stm32cubeide_1.18.0_2/plugins/com.st.stm32cube.ide.mcu.externaltools.gnu-tools-for-stm32.13.3.rel1.linux64_1.0.0.202410170706/tools/bin/../lib/gcc/arm-none-eabi/13.3.1/../../../../arm-none-eabi/lib/thumb/v7-m/nofp/libc_nano.a(libc_a-callocr.o)
                0x0800a01c                _calloc_r
 .text.__ascii_mbtowc
                0x0800a044       0x24 /opt/st/stm32cubeide_1.18.0_2/plugins/com.st.stm32cube.ide.mcu.externaltools.gnu-tools-for-stm32.13.3.rel1.linux64_1.0.0.202410170706/tools/bin/../lib/gcc/arm-none-eabi/13.3.1/../../../../arm-none-eabi/lib/thumb/v7-m/nofp/libc_nano.a(libc_a-mbtowc_r.o)
                0x0800a044                __ascii_mbtowc
 .text._realloc_r
                0x0800a068       0x5c /opt/st/stm32cubeide_1.18.0_2/plugins/com.st.stm32cube.ide.mcu.externaltools.gnu-tools-for-stm32.13.3.rel1.linux64_1.0.0.202410170706/tools/bin/../lib/gcc/arm-none-eabi/13.3.1/../../../../arm-none-eabi/lib/thumb/v7-m/nofp/libc_nano.a(libc_a-reallocr.o)
                0x0800a068                _realloc_r
 .text.__ascii_wctomb
                0x0800a0c4       0x1a /opt/st/stm32cubeide_1.18.0_2/plugins/com.st.stm32cube.ide.mcu.externaltools.gnu-tools-for-stm32.13.3.rel1.linux64_1.0.0.202410170706/tools/bin/../lib/gcc/arm-none-eabi/13.3.1/../../../../arm-none-eabi/lib/thumb/v7-m/nofp/libc_nano.a(libc_a-wctomb_r.o)
                0x0800a0c4                __ascii_wctomb
 *fill*         0x0800a0de        0x2 
 .text.fprintf  0x0800a0e0       0x24 /opt/st/stm32cubeide_1.18.0_2/plugins/com.st.stm32cube.ide.mcu.externaltools.gnu-tools-for-stm32.13.3.rel1.linux64_1.0.0.202410170706/tools/bin/../lib/gcc/arm-none-eabi/13.3.1/../../../../arm-none-eabi/lib/thumb/v7-m/nofp/libc_nano.a(libc_a-fprintf.o)
                0x0800a0e0                fprintf
                0x0800a0e0                fiprintf
 .text.abort    0x0800a104        0xe /opt/st/stm32cubeide_1.18.0_2/plugins/com.st.stm32cube.ide.mcu.externaltools.gnu-tools-for-stm32.13.3.rel1.linux64_1.0.0.202410170706/tools/bin/../lib/gcc/arm-none-eabi/13.3.1/../../../../arm-none-eabi/lib/thumb/v7-m/nofp/libc_nano.a(libc_a-abort.o)
                0x0800a104                abort
 .text._malloc_usable_size_r
                0x0800a112       0x10 /opt/st/stm32cubeide_1.18.0_2/plugins/com.st.stm32cube.ide.mcu.externaltools.gnu-tools-for-stm32.13.3.rel1.linux64_1.0.0.202410170706/tools/bin/../lib/gcc/arm-none-eabi/13.3.1/../../../../arm-none-eabi/lib/thumb/v7-m/nofp/libc_nano.a(libc_a-msizer.o)
                0x0800a112                _malloc_usable_size_r
 .text.__sfputc_r
                0x0800a122       0x2a /opt/st/stm32cubeide_1.18.0_2/plugins/com.st.stm32cube.ide.mcu.externaltools.gnu-tools-for-stm32.13.3.rel1.linux64_1.0.0.202410170706/tools/bin/../lib/gcc/arm-none-eabi/13.3.1/../../../../arm-none-eabi/lib/thumb/v7-m/nofp/libc_nano.a(libc_a-nano-vfprintf.o)
 .text.__sfputs_r
                0x0800a14c       0x24 /opt/st/stm32cubeide_1.18.0_2/plugins/com.st.stm32cube.ide.mcu.externaltools.gnu-tools-for-stm32.13.3.rel1.linux64_1.0.0.202410170706/tools/bin/../lib/gcc/arm-none-eabi/13.3.1/../../../../arm-none-eabi/lib/thumb/v7-m/nofp/libc_nano.a(libc_a-nano-vfprintf.o)
                0x0800a14c                __sfputs_r
 .text._vfprintf_r
                0x0800a170      0x230 /opt/st/stm32cubeide_1.18.0_2/plugins/com.st.stm32cube.ide.mcu.externaltools.gnu-tools-for-stm32.13.3.rel1.linux64_1.0.0.202410170706/tools/bin/../lib/gcc/arm-none-eabi/13.3.1/../../../../arm-none-eabi/lib/thumb/v7-m/nofp/libc_nano.a(libc_a-nano-vfprintf.o)
                0x0800a170                _vfiprintf_r
                0x0800a170                _vfprintf_r
 .text.__swbuf_r
                0x0800a3a0       0x7c /opt/st/stm32cubeide_1.18.0_2/plugins/com.st.stm32cube.ide.mcu.externaltools.gnu-tools-for-stm32.13.3.rel1.linux64_1.0.0.202410170706/tools/bin/../lib/gcc/arm-none-eabi/13.3.1/../../../../arm-none-eabi/lib/thumb/v7-m/nofp/libc_nano.a(libc_a-wbuf.o)
                0x0800a3a0                __swbuf_r
 .text.__swsetup_r
                0x0800a41c       0xac /opt/st/stm32cubeide_1.18.0_2/plugins/com.st.stm32cube.ide.mcu.externaltools.gnu-tools-for-stm32.13.3.rel1.linux64_1.0.0.202410170706/tools/bin/../lib/gcc/arm-none-eabi/13.3.1/../../../../arm-none-eabi/lib/thumb/v7-m/nofp/libc_nano.a(libc_a-wsetup.o)
                0x0800a41c                __swsetup_r
 .text._raise_r
                0x0800a4c8       0x50 /opt/st/stm32cubeide_1.18.0_2/plugins/com.st.stm32cube.ide.mcu.externaltools.gnu-tools-for-stm32.13.3.rel1.linux64_1.0.0.202410170706/tools/bin/../lib/gcc/arm-none-eabi/13.3.1/../../../../arm-none-eabi/lib/thumb/v7-m/nofp/libc_nano.a(libc_a-signal.o)
                0x0800a4c8                _raise_r
 .text.raise    0x0800a518       0x10 /opt/st/stm32cubeide_1.18.0_2/plugins/com.st.stm32cube.ide.mcu.externaltools.gnu-tools-for-stm32.13.3.rel1.linux64_1.0.0.202410170706/tools/bin/../lib/gcc/arm-none-eabi/13.3.1/../../../../arm-none-eabi/lib/thumb/v7-m/nofp/libc_nano.a(libc_a-signal.o)
                0x0800a518                raise
 .text._kill_r  0x0800a528       0x24 /opt/st/stm32cubeide_1.18.0_2/plugins/com.st.stm32cube.ide.mcu.externaltools.gnu-tools-for-stm32.13.3.rel1.linux64_1.0.0.202410170706/tools/bin/../lib/gcc/arm-none-eabi/13.3.1/../../../../arm-none-eabi/lib/thumb/v7-m/nofp/libc_nano.a(libc_a-signalr.o)
                0x0800a528                _kill_r
 .text._getpid_r
                0x0800a54c        0x4 /opt/st/stm32cubeide_1.18.0_2/plugins/com.st.stm32cube.ide.mcu.externaltools.gnu-tools-for-stm32.13.3.rel1.linux64_1.0.0.202410170706/tools/bin/../lib/gcc/arm-none-eabi/13.3.1/../../../../arm-none-eabi/lib/thumb/v7-m/nofp/libc_nano.a(libc_a-signalr.o)
                0x0800a54c                _getpid_r
 .text.__swhatbuf_r
                0x0800a550       0x4a /opt/st/stm32cubeide_1.18.0_2/plugins/com.st.stm32cube.ide.mcu.externaltools.gnu-tools-for-stm32.13.3.rel1.linux64_1.0.0.202410170706/tools/bin/../lib/gcc/arm-none-eabi/13.3.1/../../../../arm-none-eabi/lib/thumb/v7-m/nofp/libc_nano.a(libc_a-makebuf.o)
                0x0800a550                __swhatbuf_r
 .text.__smakebuf_r
                0x0800a59a       0x78 /opt/st/stm32cubeide_1.18.0_2/plugins/com.st.stm32cube.ide.mcu.externaltools.gnu-tools-for-stm32.13.3.rel1.linux64_1.0.0.202410170706/tools/bin/../lib/gcc/arm-none-eabi/13.3.1/../../../../arm-none-eabi/lib/thumb/v7-m/nofp/libc_nano.a(libc_a-makebuf.o)
                0x0800a59a                __smakebuf_r
 *fill*         0x0800a612        0x2 
 .text._fstat_r
                0x0800a614       0x24 /opt/st/stm32cubeide_1.18.0_2/plugins/com.st.stm32cube.ide.mcu.externaltools.gnu-tools-for-stm32.13.3.rel1.linux64_1.0.0.202410170706/tools/bin/../lib/gcc/arm-none-eabi/13.3.1/../../../../arm-none-eabi/lib/thumb/v7-m/nofp/libc_nano.a(libc_a-fstatr.o)
                0x0800a614                _fstat_r
 .text._isatty_r
                0x0800a638       0x20 /opt/st/stm32cubeide_1.18.0_2/plugins/com.st.stm32cube.ide.mcu.externaltools.gnu-tools-for-stm32.13.3.rel1.linux64_1.0.0.202410170706/tools/bin/../lib/gcc/arm-none-eabi/13.3.1/../../../../arm-none-eabi/lib/thumb/v7-m/nofp/libc_nano.a(libc_a-isattyr.o)
                0x0800a638                _isatty_r
 *(.glue_7)
 .glue_7        0x0800a658        0x0 linker stubs
 *(.glue_7t)
 .glue_7t       0x0800a658        0x0 linker stubs
 *(.eh_frame)
 .eh_frame      0x0800a658        0x0 /opt/st/stm32cubeide_1.18.0_2/plugins/com.st.stm32cube.ide.mcu.externaltools.gnu-tools-for-stm32.13.3.rel1.linux64_1.0.0.202410170706/tools/bin/../lib/gcc/arm-none-eabi/13.3.1/thumb/v7-m/nofp/crtbegin.o
 *(.init)
 .init          0x0800a658        0x4 /opt/st/stm32cubeide_1.18.0_2/plugins/com.st.stm32cube.ide.mcu.externaltools.gnu-tools-for-stm32.13.3.rel1.linux64_1.0.0.202410170706/tools/bin/../lib/gcc/arm-none-eabi/13.3.1/thumb/v7-m/nofp/crti.o
                0x0800a658                _init
 .init          0x0800a65c        0x8 /opt/st/stm32cubeide_1.18.0_2/plugins/com.st.stm32cube.ide.mcu.externaltools.gnu-tools-for-stm32.13.3.rel1.linux64_1.0.0.202410170706/tools/bin/../lib/gcc/arm-none-eabi/13.3.1/thumb/v7-m/nofp/crtn.o
 *(.fini)
 .fini          0x0800a664        0x4 /opt/st/stm32cubeide_1.18.0_2/plugins/com.st.stm32cube.ide.mcu.externaltools.gnu-tools-for-stm32.13.3.rel1.linux64_1.0.0.202410170706/tools/bin/../lib/gcc/arm-none-eabi/13.3.1/thumb/v7-m/nofp/crti.o
                0x0800a664                _fini
 .fini          0x0800a668        0x8 /opt/st/stm32cubeide_1.18.0_2/plugins/com.st.stm32cube.ide.mcu.externaltools.gnu-tools-for-stm32.13.3.rel1.linux64_1.0.0.202410170706/tools/bin/../lib/gcc/arm-none-eabi/13.3.1/thumb/v7-m/nofp/crtn.o
                0x0800a670                        . = ALIGN (0x4)
                0x0800a670                        _etext = .

.vfp11_veneer   0x0800a670        0x0
 .vfp11_veneer  0x0800a670        0x0 linker stubs

.v4_bx          0x0800a670        0x0
 .v4_bx         0x0800a670        0x0 linker stubs

.iplt           0x0800a670        0x0
 .iplt          0x0800a670        0x0 /opt/st/stm32cubeide_1.18.0_2/plugins/com.st.stm32cube.ide.mcu.externaltools.gnu-tools-for-stm32.13.3.rel1.linux64_1.0.0.202410170706/tools/bin/../lib/gcc/arm-none-eabi/13.3.1/thumb/v7-m/nofp/crtbegin.o

.rodata         0x0800a670      0xbd4
                0x0800a670                        . = ALIGN (0x4)
 *(.rodata)
 .rodata        0x0800a670       0x9f ./Core/Src/main.o
 *fill*         0x0800a70f        0x1 
 .rodata        0x0800a710       0x2b ./Core/Src/sim.o
 *(.rodata*)
 *fill*         0x0800a73b        0x1 
 .rodata.Font7x10
                0x0800a73c      0x76c ./Core/Src/fonts.o
                0x0800a73c                Font7x10
 .rodata.AHBPrescTable
                0x0800aea8       0x10 ./Core/Src/system_stm32f1xx.o
                0x0800aea8                AHBPrescTable
 .rodata.APBPrescTable
                0x0800aeb8        0x8 ./Core/Src/system_stm32f1xx.o
                0x0800aeb8                APBPrescTable
 .rodata.aPLLMULFactorTable.1
                0x0800aec0       0x10 ./Drivers/STM32F1xx_HAL_Driver/Src/stm32f1xx_hal_rcc.o
 .rodata.aPredivFactorTable.0
                0x0800aed0        0x2 ./Drivers/STM32F1xx_HAL_Driver/Src/stm32f1xx_hal_rcc.o
 .rodata._printf_float.str1.1
                0x0800aed2      0x171 /opt/st/stm32cubeide_1.18.0_2/plugins/com.st.stm32cube.ide.mcu.externaltools.gnu-tools-for-stm32.13.3.rel1.linux64_1.0.0.202410170706/tools/bin/../lib/gcc/arm-none-eabi/13.3.1/../../../../arm-none-eabi/lib/thumb/v7-m/nofp/libc_nano.a(libc_a-nano-vfprintf_float.o)
                                 0x12 (size before relaxing)
 .rodata._printf_i.str1.1
                0x0800b043       0x22 /opt/st/stm32cubeide_1.18.0_2/plugins/com.st.stm32cube.ide.mcu.externaltools.gnu-tools-for-stm32.13.3.rel1.linux64_1.0.0.202410170706/tools/bin/../lib/gcc/arm-none-eabi/13.3.1/../../../../arm-none-eabi/lib/thumb/v7-m/nofp/libc_nano.a(libc_a-nano-vfprintf_i.o)
 .rodata._dtoa_r.str1.1
                0x0800b043       0x8f /opt/st/stm32cubeide_1.18.0_2/plugins/com.st.stm32cube.ide.mcu.externaltools.gnu-tools-for-stm32.13.3.rel1.linux64_1.0.0.202410170706/tools/bin/../lib/gcc/arm-none-eabi/13.3.1/../../../../arm-none-eabi/lib/thumb/v7-m/nofp/libc_nano.a(libc_a-dtoa.o)
 .rodata._Balloc.str1.1
                0x0800b043       0x70 /opt/st/stm32cubeide_1.18.0_2/plugins/com.st.stm32cube.ide.mcu.externaltools.gnu-tools-for-stm32.13.3.rel1.linux64_1.0.0.202410170706/tools/bin/../lib/gcc/arm-none-eabi/13.3.1/../../../../arm-none-eabi/lib/thumb/v7-m/nofp/libc_nano.a(libc_a-mprec.o)
 .rodata.__multadd.str1.1
                0x0800b043       0x11 /opt/st/stm32cubeide_1.18.0_2/plugins/com.st.stm32cube.ide.mcu.externaltools.gnu-tools-for-stm32.13.3.rel1.linux64_1.0.0.202410170706/tools/bin/../lib/gcc/arm-none-eabi/13.3.1/../../../../arm-none-eabi/lib/thumb/v7-m/nofp/libc_nano.a(libc_a-mprec.o)
 *fill*         0x0800b043        0x1 
 .rodata.p05.0  0x0800b044        0xc /opt/st/stm32cubeide_1.18.0_2/plugins/com.st.stm32cube.ide.mcu.externaltools.gnu-tools-for-stm32.13.3.rel1.linux64_1.0.0.202410170706/tools/bin/../lib/gcc/arm-none-eabi/13.3.1/../../../../arm-none-eabi/lib/thumb/v7-m/nofp/libc_nano.a(libc_a-mprec.o)
 .rodata.__mprec_bigtens
                0x0800b050       0x28 /opt/st/stm32cubeide_1.18.0_2/plugins/com.st.stm32cube.ide.mcu.externaltools.gnu-tools-for-stm32.13.3.rel1.linux64_1.0.0.202410170706/tools/bin/../lib/gcc/arm-none-eabi/13.3.1/../../../../arm-none-eabi/lib/thumb/v7-m/nofp/libc_nano.a(libc_a-mprec.o)
                0x0800b050                __mprec_bigtens
 .rodata.__mprec_tens
                0x0800b078       0xc8 /opt/st/stm32cubeide_1.18.0_2/plugins/com.st.stm32cube.ide.mcu.externaltools.gnu-tools-for-stm32.13.3.rel1.linux64_1.0.0.202410170706/tools/bin/../lib/gcc/arm-none-eabi/13.3.1/../../../../arm-none-eabi/lib/thumb/v7-m/nofp/libc_nano.a(libc_a-mprec.o)
                0x0800b078                __mprec_tens
 .rodata._svfprintf_r.str1.1
                0x0800b140       0x11 /opt/st/stm32cubeide_1.18.0_2/plugins/com.st.stm32cube.ide.mcu.externaltools.gnu-tools-for-stm32.13.3.rel1.linux64_1.0.0.202410170706/tools/bin/../lib/gcc/arm-none-eabi/13.3.1/../../../../arm-none-eabi/lib/thumb/v7-m/nofp/libc_nano.a(libc_a-nano-svfprintf.o)
 .rodata._setlocale_r.str1.1
                0x0800b140        0x9 /opt/st/stm32cubeide_1.18.0_2/plugins/com.st.stm32cube.ide.mcu.externaltools.gnu-tools-for-stm32.13.3.rel1.linux64_1.0.0.202410170706/tools/bin/../lib/gcc/arm-none-eabi/13.3.1/../../../../arm-none-eabi/lib/thumb/v7-m/nofp/libc_nano.a(libc_a-locale.o)
 .rodata.str1.1
                0x0800b140        0x2 /opt/st/stm32cubeide_1.18.0_2/plugins/com.st.stm32cube.ide.mcu.externaltools.gnu-tools-for-stm32.13.3.rel1.linux64_1.0.0.202410170706/tools/bin/../lib/gcc/arm-none-eabi/13.3.1/../../../../arm-none-eabi/lib/thumb/v7-m/nofp/libc_nano.a(libc_a-locale.o)
 .rodata.__assert_func.str1.1
                0x0800b140       0x3d /opt/st/stm32cubeide_1.18.0_2/plugins/com.st.stm32cube.ide.mcu.externaltools.gnu-tools-for-stm32.13.3.rel1.linux64_1.0.0.202410170706/tools/bin/../lib/gcc/arm-none-eabi/13.3.1/../../../../arm-none-eabi/lib/thumb/v7-m/nofp/libc_nano.a(libc_a-assert.o)
 .rodata._ctype_
                0x0800b140      0x101 /opt/st/stm32cubeide_1.18.0_2/plugins/com.st.stm32cube.ide.mcu.externaltools.gnu-tools-for-stm32.13.3.rel1.linux64_1.0.0.202410170706/tools/bin/../lib/gcc/arm-none-eabi/13.3.1/../../../../arm-none-eabi/lib/thumb/v7-m/nofp/libc_nano.a(libc_a-ctype_.o)
                0x0800b140                _ctype_
 .rodata._vfprintf_r.str1.1
                0x0800b241       0x11 /opt/st/stm32cubeide_1.18.0_2/plugins/com.st.stm32cube.ide.mcu.externaltools.gnu-tools-for-stm32.13.3.rel1.linux64_1.0.0.202410170706/tools/bin/../lib/gcc/arm-none-eabi/13.3.1/../../../../arm-none-eabi/lib/thumb/v7-m/nofp/libc_nano.a(libc_a-nano-vfprintf.o)
                0x0800b254                        . = ALIGN (0x4)
 *fill*         0x0800b241        0x3 

.ARM.extab      0x0800b244        0x0
                0x0800b244                        . = ALIGN (0x4)
 *(.ARM.extab* .gnu.linkonce.armextab.*)
                0x0800b244                        . = ALIGN (0x4)

.ARM            0x0800b244        0x8
                0x0800b244                        . = ALIGN (0x4)
                0x0800b244                        __exidx_start = .
 *(.ARM.exidx*)
 .ARM.exidx     0x0800b244        0x8 /opt/st/stm32cubeide_1.18.0_2/plugins/com.st.stm32cube.ide.mcu.externaltools.gnu-tools-for-stm32.13.3.rel1.linux64_1.0.0.202410170706/tools/bin/../lib/gcc/arm-none-eabi/13.3.1/../../../../arm-none-eabi/lib/thumb/v7-m/nofp/libc_nano.a(libc_a-strlen.o)
                0x0800b24c                        __exidx_end = .
                0x0800b24c                        . = ALIGN (0x4)

.preinit_array  0x0800b24c        0x0
                0x0800b24c                        . = ALIGN (0x4)
                0x0800b24c                        PROVIDE (__preinit_array_start = .)
 *(.preinit_array*)
                0x0800b24c                        PROVIDE (__preinit_array_end = .)
                0x0800b24c                        . = ALIGN (0x4)

.init_array     0x0800b24c        0x4
                0x0800b24c                        . = ALIGN (0x4)
                0x0800b24c                        PROVIDE (__init_array_start = .)
 *(SORT_BY_NAME(.init_array.*))
 *(.init_array*)
 .init_array    0x0800b24c        0x4 /opt/st/stm32cubeide_1.18.0_2/plugins/com.st.stm32cube.ide.mcu.externaltools.gnu-tools-for-stm32.13.3.rel1.linux64_1.0.0.202410170706/tools/bin/../lib/gcc/arm-none-eabi/13.3.1/thumb/v7-m/nofp/crtbegin.o
                0x0800b250                        PROVIDE (__init_array_end = .)
                0x0800b250                        . = ALIGN (0x4)

.fini_array     0x0800b250        0x4
                0x0800b250                        . = ALIGN (0x4)
                [!provide]                        PROVIDE (__fini_array_start = .)
 *(SORT_BY_NAME(.fini_array.*))
 *(.fini_array*)
 .fini_array    0x0800b250        0x4 /opt/st/stm32cubeide_1.18.0_2/plugins/com.st.stm32cube.ide.mcu.externaltools.gnu-tools-for-stm32.13.3.rel1.linux64_1.0.0.202410170706/tools/bin/../lib/gcc/arm-none-eabi/13.3.1/thumb/v7-m/nofp/crtbegin.o
                [!provide]                        PROVIDE (__fini_array_end = .)
                0x0800b254                        . = ALIGN (0x4)
                0x0800b254                        _sidata = LOADADDR (.data)

.rel.dyn        0x0800b254        0x0
 .rel.iplt      0x0800b254        0x0 /opt/st/stm32cubeide_1.18.0_2/plugins/com.st.stm32cube.ide.mcu.externaltools.gnu-tools-for-stm32.13.3.rel1.linux64_1.0.0.202410170706/tools/bin/../lib/gcc/arm-none-eabi/13.3.1/thumb/v7-m/nofp/crtbegin.o

.data           0x20000000      0x1f8 load address 0x0800b254
                0x20000000                        . = ALIGN (0x4)
                0x20000000                        _sdata = .
 *(.data)
 *(.data*)
 .data.Font_7x10
                0x20000000        0x8 ./Core/Src/fonts.o
                0x20000000                Font_7x10
 .data.dayOfWeek
                0x20000008       0x1c ./Core/Src/main.o
                0x20000008                dayOfWeek
 .data.SystemCoreClock
                0x20000024        0x4 ./Core/Src/system_stm32f1xx.o
                0x20000024                SystemCoreClock
 .data.uwTickPrio
                0x20000028        0x4 ./Drivers/STM32F1xx_HAL_Driver/Src/stm32f1xx_hal.o
                0x20000028                uwTickPrio
 .data.uwTickFreq
                0x2000002c        0x1 ./Drivers/STM32F1xx_HAL_Driver/Src/stm32f1xx_hal.o
                0x2000002c                uwTickFreq
 *fill*         0x2000002d        0x3 
 .data.__sglue  0x20000030        0xc /opt/st/stm32cubeide_1.18.0_2/plugins/com.st.stm32cube.ide.mcu.externaltools.gnu-tools-for-stm32.13.3.rel1.linux64_1.0.0.202410170706/tools/bin/../lib/gcc/arm-none-eabi/13.3.1/../../../../arm-none-eabi/lib/thumb/v7-m/nofp/libc_nano.a(libc_a-findfp.o)
                0x20000030                __sglue
 .data._impure_ptr
                0x2000003c        0x4 /opt/st/stm32cubeide_1.18.0_2/plugins/com.st.stm32cube.ide.mcu.externaltools.gnu-tools-for-stm32.13.3.rel1.linux64_1.0.0.202410170706/tools/bin/../lib/gcc/arm-none-eabi/13.3.1/../../../../arm-none-eabi/lib/thumb/v7-m/nofp/libc_nano.a(libc_a-impure.o)
                0x2000003c                _impure_ptr
 .data._impure_data
                0x20000040       0x4c /opt/st/stm32cubeide_1.18.0_2/plugins/com.st.stm32cube.ide.mcu.externaltools.gnu-tools-for-stm32.13.3.rel1.linux64_1.0.0.202410170706/tools/bin/../lib/gcc/arm-none-eabi/13.3.1/../../../../arm-none-eabi/lib/thumb/v7-m/nofp/libc_nano.a(libc_a-impure.o)
                0x20000040                _impure_data
 .data.__global_locale
                0x2000008c      0x16c /opt/st/stm32cubeide_1.18.0_2/plugins/com.st.stm32cube.ide.mcu.externaltools.gnu-tools-for-stm32.13.3.rel1.linux64_1.0.0.202410170706/tools/bin/../lib/gcc/arm-none-eabi/13.3.1/../../../../arm-none-eabi/lib/thumb/v7-m/nofp/libc_nano.a(libc_a-locale.o)
                0x2000008c                __global_locale
 *(.RamFunc)
 *(.RamFunc*)
                0x200001f8                        . = ALIGN (0x4)
                0x200001f8                        _edata = .

.igot.plt       0x200001f8        0x0 load address 0x0800b44c
 .igot.plt      0x200001f8        0x0 /opt/st/stm32cubeide_1.18.0_2/plugins/com.st.stm32cube.ide.mcu.externaltools.gnu-tools-for-stm32.13.3.rel1.linux64_1.0.0.202410170706/tools/bin/../lib/gcc/arm-none-eabi/13.3.1/thumb/v7-m/nofp/crtbegin.o
                0x200001f8                        . = ALIGN (0x4)

.bss            0x200001f8      0x814 load address 0x0800b44c
                0x200001f8                        _sbss = .
                0x200001f8                        __bss_start__ = _sbss
 *(.bss)
 .bss           0x200001f8       0x1c /opt/st/stm32cubeide_1.18.0_2/plugins/com.st.stm32cube.ide.mcu.externaltools.gnu-tools-for-stm32.13.3.rel1.linux64_1.0.0.202410170706/tools/bin/../lib/gcc/arm-none-eabi/13.3.1/thumb/v7-m/nofp/crtbegin.o
 *(.bss*)
 .bss._ds1307_ui2c
                0x20000214        0x4 ./Core/Src/ds1307_for_stm32_hal.o
                0x20000214                _ds1307_ui2c
 .bss.hi2c1     0x20000218       0x54 ./Core/Src/main.o
                0x20000218                hi2c1
 .bss.htim1     0x2000026c       0x48 ./Core/Src/main.o
                0x2000026c                htim1
 .bss.htim3     0x200002b4       0x48 ./Core/Src/main.o
                0x200002b4                htim3
 .bss.huart1    0x200002fc       0x48 ./Core/Src/main.o
                0x200002fc                huart1
 .bss.huart2    0x20000344       0x48 ./Core/Src/main.o
                0x20000344                huart2
 .bss.huart3    0x2000038c       0x48 ./Core/Src/main.o
                0x2000038c                huart3
 .bss.tick_ms   0x200003d4        0x4 ./Core/Src/main.o
                0x200003d4                tick_ms
 .bss.tick_us   0x200003d8        0x4 ./Core/Src/main.o
                0x200003d8                tick_us
 .bss.current_time
                0x200003dc        0xa ./Core/Src/main.o
                0x200003dc                current_time
 *fill*         0x200003e6        0x2 
 .bss.set_time  0x200003e8        0x2 ./Core/Src/main.o
                0x200003e8                set_time
 *fill*         0x200003ea        0x2 
 .bss.df_ctx    0x200003ec       0x14 ./Core/Src/main.o
                0x200003ec                df_ctx
 .bss.sim_ctx   0x20000400       0x58 ./Core/Src/main.o
                0x20000400                sim_ctx
 .bss.current_time_to_mins
                0x20000458        0x4 ./Core/Src/main.o
                0x20000458                current_time_to_mins
 .bss.set_time_to_mins
                0x2000045c        0x4 ./Core/Src/main.o
                0x2000045c                set_time_to_mins
 .bss.lower_bound_mins
                0x20000460        0x4 ./Core/Src/main.o
                0x20000460                lower_bound_mins
 .bss.upper_bound_mins
                0x20000464        0x4 ./Core/Src/main.o
                0x20000464                upper_bound_mins
 .bss.temp      0x20000468        0x4 ./Core/Src/main.o
                0x20000468                temp
 .bss.humi      0x2000046c        0x4 ./Core/Src/main.o
                0x2000046c                humi
 .bss.flag_update_time
                0x20000470        0x1 ./Core/Src/main.o
                0x20000470                flag_update_time
 .bss.current_box_cnt
                0x20000471        0x1 ./Core/Src/main.o
                0x20000471                current_box_cnt
 .bss.box_mode  0x20000472        0x1 ./Core/Src/main.o
                0x20000472                box_mode
 *fill*         0x20000473        0x1 
 .bss.tick      0x20000474        0x4 ./Core/Src/main.o
                0x20000474                tick
 .bss.already_warned_mp3
                0x20000478        0x1 ./Core/Src/main.o
                0x20000478                already_warned_mp3
 .bss.already_warned_sms
                0x20000479        0x1 ./Core/Src/main.o
                0x20000479                already_warned_sms
 .bss.send_sms_now
                0x2000047a        0x1 ./Core/Src/main.o
                0x2000047a                send_sms_now
 *fill*         0x2000047b        0x1 
 .bss.sms_message
                0x2000047c       0x32 ./Core/Src/main.o
                0x2000047c                sms_message
 *fill*         0x200004ae        0x2 
 .bss.SSD1306_Buffer
                0x200004b0      0x400 ./Core/Src/ssd1306.o
 .bss.SSD1306   0x200008b0        0x6 ./Core/Src/ssd1306.o
 *fill*         0x200008b6        0x2 
 .bss.__sbrk_heap_end
                0x200008b8        0x4 ./Core/Src/sysmem.o
 .bss.uwTick    0x200008bc        0x4 ./Drivers/STM32F1xx_HAL_Driver/Src/stm32f1xx_hal.o
                0x200008bc                uwTick
 .bss.__sf      0x200008c0      0x138 /opt/st/stm32cubeide_1.18.0_2/plugins/com.st.stm32cube.ide.mcu.externaltools.gnu-tools-for-stm32.13.3.rel1.linux64_1.0.0.202410170706/tools/bin/../lib/gcc/arm-none-eabi/13.3.1/../../../../arm-none-eabi/lib/thumb/v7-m/nofp/libc_nano.a(libc_a-findfp.o)
                0x200008c0                __sf
 .bss.__stdio_exit_handler
                0x200009f8        0x4 /opt/st/stm32cubeide_1.18.0_2/plugins/com.st.stm32cube.ide.mcu.externaltools.gnu-tools-for-stm32.13.3.rel1.linux64_1.0.0.202410170706/tools/bin/../lib/gcc/arm-none-eabi/13.3.1/../../../../arm-none-eabi/lib/thumb/v7-m/nofp/libc_nano.a(libc_a-findfp.o)
                0x200009f8                __stdio_exit_handler
 .bss.errno     0x200009fc        0x4 /opt/st/stm32cubeide_1.18.0_2/plugins/com.st.stm32cube.ide.mcu.externaltools.gnu-tools-for-stm32.13.3.rel1.linux64_1.0.0.202410170706/tools/bin/../lib/gcc/arm-none-eabi/13.3.1/../../../../arm-none-eabi/lib/thumb/v7-m/nofp/libc_nano.a(libc_a-reent.o)
                0x200009fc                errno
 .bss.__lock___malloc_recursive_mutex
                0x20000a00        0x1 /opt/st/stm32cubeide_1.18.0_2/plugins/com.st.stm32cube.ide.mcu.externaltools.gnu-tools-for-stm32.13.3.rel1.linux64_1.0.0.202410170706/tools/bin/../lib/gcc/arm-none-eabi/13.3.1/../../../../arm-none-eabi/lib/thumb/v7-m/nofp/libc_nano.a(libc_a-lock.o)
                0x20000a00                __lock___malloc_recursive_mutex
 .bss.__lock___sfp_recursive_mutex
                0x20000a01        0x1 /opt/st/stm32cubeide_1.18.0_2/plugins/com.st.stm32cube.ide.mcu.externaltools.gnu-tools-for-stm32.13.3.rel1.linux64_1.0.0.202410170706/tools/bin/../lib/gcc/arm-none-eabi/13.3.1/../../../../arm-none-eabi/lib/thumb/v7-m/nofp/libc_nano.a(libc_a-lock.o)
                0x20000a01                __lock___sfp_recursive_mutex
 *fill*         0x20000a02        0x2 
 .bss.__malloc_sbrk_start
                0x20000a04        0x4 /opt/st/stm32cubeide_1.18.0_2/plugins/com.st.stm32cube.ide.mcu.externaltools.gnu-tools-for-stm32.13.3.rel1.linux64_1.0.0.202410170706/tools/bin/../lib/gcc/arm-none-eabi/13.3.1/../../../../arm-none-eabi/lib/thumb/v7-m/nofp/libc_nano.a(libc_a-mallocr.o)
                0x20000a04                __malloc_sbrk_start
 .bss.__malloc_free_list
                0x20000a08        0x4 /opt/st/stm32cubeide_1.18.0_2/plugins/com.st.stm32cube.ide.mcu.externaltools.gnu-tools-for-stm32.13.3.rel1.linux64_1.0.0.202410170706/tools/bin/../lib/gcc/arm-none-eabi/13.3.1/../../../../arm-none-eabi/lib/thumb/v7-m/nofp/libc_nano.a(libc_a-mallocr.o)
                0x20000a08                __malloc_free_list
 *(COMMON)
                0x20000a0c                        . = ALIGN (0x4)
                0x20000a0c                        _ebss = .
                0x20000a0c                        __bss_end__ = _ebss

._user_heap_stack
                0x20000a0c      0x604 load address 0x0800b44c
                0x20000a10                        . = ALIGN (0x8)
 *fill*         0x20000a0c        0x4 
                [!provide]                        PROVIDE (end = .)
                0x20000a10                        PROVIDE (_end = .)
                0x20000c10                        . = (. + _Min_Heap_Size)
 *fill*         0x20000a10      0x200 
                0x20001010                        . = (. + _Min_Stack_Size)
 *fill*         0x20000c10      0x400 
                0x20001010                        . = ALIGN (0x8)

/DISCARD/
 libc.a(*)
 libm.a(*)
 libgcc.a(*)

.ARM.attributes
                0x00000000       0x29
 *(.ARM.attributes)
 .ARM.attributes
                0x00000000       0x1d /opt/st/stm32cubeide_1.18.0_2/plugins/com.st.stm32cube.ide.mcu.externaltools.gnu-tools-for-stm32.13.3.rel1.linux64_1.0.0.202410170706/tools/bin/../lib/gcc/arm-none-eabi/13.3.1/thumb/v7-m/nofp/crti.o
 .ARM.attributes
                0x0000001d       0x2d /opt/st/stm32cubeide_1.18.0_2/plugins/com.st.stm32cube.ide.mcu.externaltools.gnu-tools-for-stm32.13.3.rel1.linux64_1.0.0.202410170706/tools/bin/../lib/gcc/arm-none-eabi/13.3.1/thumb/v7-m/nofp/crtbegin.o
 .ARM.attributes
                0x0000004a       0x2d ./Core/Src/DFPlayer.o
 .ARM.attributes
                0x00000077       0x2d ./Core/Src/delay.o
 .ARM.attributes
                0x000000a4       0x2d ./Core/Src/ds1307_for_stm32_hal.o
 .ARM.attributes
                0x000000d1       0x2d ./Core/Src/fonts.o
 .ARM.attributes
                0x000000fe       0x2d ./Core/Src/main.o
 .ARM.attributes
                0x0000012b       0x2d ./Core/Src/sensirion_i2c_hal.o
 .ARM.attributes
                0x00000158       0x2d ./Core/Src/sht4x.o
 .ARM.attributes
                0x00000185       0x2d ./Core/Src/sim.o
 .ARM.attributes
                0x000001b2       0x2d ./Core/Src/ssd1306.o
 .ARM.attributes
                0x000001df       0x2d ./Core/Src/stm32f1xx_hal_msp.o
 .ARM.attributes
                0x0000020c       0x2d ./Core/Src/stm32f1xx_it.o
 .ARM.attributes
                0x00000239       0x2d ./Core/Src/syscalls.o
 .ARM.attributes
                0x00000266       0x2d ./Core/Src/sysmem.o
 .ARM.attributes
                0x00000293       0x2d ./Core/Src/system_stm32f1xx.o
 .ARM.attributes
                0x000002c0       0x21 ./Core/Startup/startup_stm32f103c8tx.o
 .ARM.attributes
                0x000002e1       0x2d ./Drivers/STM32F1xx_HAL_Driver/Src/stm32f1xx_hal.o
 .ARM.attributes
                0x0000030e       0x2d ./Drivers/STM32F1xx_HAL_Driver/Src/stm32f1xx_hal_cortex.o
 .ARM.attributes
                0x0000033b       0x2d ./Drivers/STM32F1xx_HAL_Driver/Src/stm32f1xx_hal_dma.o
 .ARM.attributes
                0x00000368       0x2d ./Drivers/STM32F1xx_HAL_Driver/Src/stm32f1xx_hal_gpio.o
 .ARM.attributes
                0x00000395       0x2d ./Drivers/STM32F1xx_HAL_Driver/Src/stm32f1xx_hal_i2c.o
 .ARM.attributes
                0x000003c2       0x2d ./Drivers/STM32F1xx_HAL_Driver/Src/stm32f1xx_hal_rcc.o
 .ARM.attributes
                0x000003ef       0x2d ./Drivers/STM32F1xx_HAL_Driver/Src/stm32f1xx_hal_tim.o
 .ARM.attributes
                0x0000041c       0x2d ./Drivers/STM32F1xx_HAL_Driver/Src/stm32f1xx_hal_tim_ex.o
 .ARM.attributes
                0x00000449       0x2d ./Drivers/STM32F1xx_HAL_Driver/Src/stm32f1xx_hal_uart.o
 .ARM.attributes
                0x00000476       0x2d /opt/st/stm32cubeide_1.18.0_2/plugins/com.st.stm32cube.ide.mcu.externaltools.gnu-tools-for-stm32.13.3.rel1.linux64_1.0.0.202410170706/tools/bin/../lib/gcc/arm-none-eabi/13.3.1/../../../../arm-none-eabi/lib/thumb/v7-m/nofp/libc_nano.a(libc_a-nano-vfprintf_float.o)
 .ARM.attributes
                0x000004a3       0x2d /opt/st/stm32cubeide_1.18.0_2/plugins/com.st.stm32cube.ide.mcu.externaltools.gnu-tools-for-stm32.13.3.rel1.linux64_1.0.0.202410170706/tools/bin/../lib/gcc/arm-none-eabi/13.3.1/../../../../arm-none-eabi/lib/thumb/v7-m/nofp/libc_nano.a(libc_a-nano-vfprintf_i.o)
 .ARM.attributes